../Drivers/CMSIS/Include/core_cm7.h:2229:22:SCB_EnableICache	1
../Drivers/CMSIS/Include/core_cm7.h:2281:22:SCB_EnableDCache	3
../Core/Src/main.c:94:13:draw_region	2
../Core/Src/main.c:104:17:rgb565	1
../Core/Src/main.c:108:16:hit_circle	1
../Core/Src/main.c:114:16:hit_bar	5
../Core/Src/main.c:121:13:draw_bar	3
../Core/Src/main.c:129:13:update_scr1	2
../Core/Src/main.c:165:13:draw_scr1	1
../Core/Src/main.c:176:13:draw_scr2	1
../Core/Src/main.c:187:16:read_am2320	5
../Core/Src/main.c:207:5:main	25
../Core/Src/main.c:334:6:SystemClock_Config	4
../Core/Src/main.c:385:10:CRC16_2	4
../Core/Src/main.c:402:6:Error_Handler	1
