../Drivers/CMSIS/Include/core_cm7.h:2229:22:SCB_EnableICache	4	static,ignoring_inline_asm
../Drivers/CMSIS/Include/core_cm7.h:2281:22:SCB_EnableDCache	24	static,ignoring_inline_asm
../Core/Src/main.c:94:13:draw_region	32	static
../Core/Src/main.c:104:17:rgb565	16	static
../Core/Src/main.c:108:16:hit_circle	24	static
../Core/Src/main.c:114:16:hit_bar	24	static
../Core/Src/main.c:121:13:draw_bar	32	static
../Core/Src/main.c:129:13:update_scr1	96	static
../Core/Src/main.c:165:13:draw_scr1	8	static
../Core/Src/main.c:176:13:draw_scr2	32	static
../Core/Src/main.c:187:16:read_am2320	32	static
../Core/Src/main.c:207:5:main	48	static
../Core/Src/main.c:334:6:SystemClock_Config	88	static
../Core/Src/main.c:385:10:CRC16_2	24	static
../Core/Src/main.c:402:6:Error_Handler	4	static,ignoring_inline_asm
