Archive member included to satisfy reference by file (symbol)

/Applications/STM32CubeIDE.app/Contents/Eclipse/plugins/com.st.stm32cube.ide.mcu.externaltools.gnu-tools-for-stm32.14.3.rel1.macos64_1.0.100.202602081740/tools/bin/../lib/gcc/arm-none-eabi/14.3.1/../../../../arm-none-eabi/lib/thumb/v7e-m+dp/hard/libc_nano.a(libc_a-exit.o)
                              /Applications/STM32CubeIDE.app/Contents/Eclipse/plugins/com.st.stm32cube.ide.mcu.externaltools.gnu-tools-for-stm32.14.3.rel1.macos64_1.0.100.202602081740/tools/bin/../lib/gcc/arm-none-eabi/14.3.1/../../../../arm-none-eabi/lib/thumb/v7e-m+dp/hard/crt0.o (exit)
/Applications/STM32CubeIDE.app/Contents/Eclipse/plugins/com.st.stm32cube.ide.mcu.externaltools.gnu-tools-for-stm32.14.3.rel1.macos64_1.0.100.202602081740/tools/bin/../lib/gcc/arm-none-eabi/14.3.1/../../../../arm-none-eabi/lib/thumb/v7e-m+dp/hard/libc_nano.a(libc_a-findfp.o)
                              /Applications/STM32CubeIDE.app/Contents/Eclipse/plugins/com.st.stm32cube.ide.mcu.externaltools.gnu-tools-for-stm32.14.3.rel1.macos64_1.0.100.202602081740/tools/bin/../lib/gcc/arm-none-eabi/14.3.1/../../../../arm-none-eabi/lib/thumb/v7e-m+dp/hard/libc_nano.a(libc_a-exit.o) (__stdio_exit_handler)
/Applications/STM32CubeIDE.app/Contents/Eclipse/plugins/com.st.stm32cube.ide.mcu.externaltools.gnu-tools-for-stm32.14.3.rel1.macos64_1.0.100.202602081740/tools/bin/../lib/gcc/arm-none-eabi/14.3.1/../../../../arm-none-eabi/lib/thumb/v7e-m+dp/hard/libc_nano.a(libc_a-fwalk.o)
                              /Applications/STM32CubeIDE.app/Contents/Eclipse/plugins/com.st.stm32cube.ide.mcu.externaltools.gnu-tools-for-stm32.14.3.rel1.macos64_1.0.100.202602081740/tools/bin/../lib/gcc/arm-none-eabi/14.3.1/../../../../arm-none-eabi/lib/thumb/v7e-m+dp/hard/libc_nano.a(libc_a-findfp.o) (_fwalk_sglue)
/Applications/STM32CubeIDE.app/Contents/Eclipse/plugins/com.st.stm32cube.ide.mcu.externaltools.gnu-tools-for-stm32.14.3.rel1.macos64_1.0.100.202602081740/tools/bin/../lib/gcc/arm-none-eabi/14.3.1/../../../../arm-none-eabi/lib/thumb/v7e-m+dp/hard/libc_nano.a(libc_a-memset.o)
                              /Applications/STM32CubeIDE.app/Contents/Eclipse/plugins/com.st.stm32cube.ide.mcu.externaltools.gnu-tools-for-stm32.14.3.rel1.macos64_1.0.100.202602081740/tools/bin/../lib/gcc/arm-none-eabi/14.3.1/../../../../arm-none-eabi/lib/thumb/v7e-m+dp/hard/crt0.o (memset)
/Applications/STM32CubeIDE.app/Contents/Eclipse/plugins/com.st.stm32cube.ide.mcu.externaltools.gnu-tools-for-stm32.14.3.rel1.macos64_1.0.100.202602081740/tools/bin/../lib/gcc/arm-none-eabi/14.3.1/../../../../arm-none-eabi/lib/thumb/v7e-m+dp/hard/libc_nano.a(libc_a-errno.o)
                              ./Core/Src/syscalls.o (__errno)
/Applications/STM32CubeIDE.app/Contents/Eclipse/plugins/com.st.stm32cube.ide.mcu.externaltools.gnu-tools-for-stm32.14.3.rel1.macos64_1.0.100.202602081740/tools/bin/../lib/gcc/arm-none-eabi/14.3.1/../../../../arm-none-eabi/lib/thumb/v7e-m+dp/hard/libc_nano.a(libc_a-init.o)
                              /Applications/STM32CubeIDE.app/Contents/Eclipse/plugins/com.st.stm32cube.ide.mcu.externaltools.gnu-tools-for-stm32.14.3.rel1.macos64_1.0.100.202602081740/tools/bin/../lib/gcc/arm-none-eabi/14.3.1/../../../../arm-none-eabi/lib/thumb/v7e-m+dp/hard/crt0.o (__libc_init_array)
/Applications/STM32CubeIDE.app/Contents/Eclipse/plugins/com.st.stm32cube.ide.mcu.externaltools.gnu-tools-for-stm32.14.3.rel1.macos64_1.0.100.202602081740/tools/bin/../lib/gcc/arm-none-eabi/14.3.1/../../../../arm-none-eabi/lib/thumb/v7e-m+dp/hard/libc_nano.a(libc_a-lock.o)
                              /Applications/STM32CubeIDE.app/Contents/Eclipse/plugins/com.st.stm32cube.ide.mcu.externaltools.gnu-tools-for-stm32.14.3.rel1.macos64_1.0.100.202602081740/tools/bin/../lib/gcc/arm-none-eabi/14.3.1/../../../../arm-none-eabi/lib/thumb/v7e-m+dp/hard/libc_nano.a(libc_a-findfp.o) (__retarget_lock_init_recursive)
/Applications/STM32CubeIDE.app/Contents/Eclipse/plugins/com.st.stm32cube.ide.mcu.externaltools.gnu-tools-for-stm32.14.3.rel1.macos64_1.0.100.202602081740/tools/bin/../lib/gcc/arm-none-eabi/14.3.1/../../../../arm-none-eabi/lib/thumb/v7e-m+dp/hard/libc_nano.a(libc_a-impure.o)
                              /Applications/STM32CubeIDE.app/Contents/Eclipse/plugins/com.st.stm32cube.ide.mcu.externaltools.gnu-tools-for-stm32.14.3.rel1.macos64_1.0.100.202602081740/tools/bin/../lib/gcc/arm-none-eabi/14.3.1/../../../../arm-none-eabi/lib/thumb/v7e-m+dp/hard/libc_nano.a(libc_a-errno.o) (_impure_ptr)
/Applications/STM32CubeIDE.app/Contents/Eclipse/plugins/com.st.stm32cube.ide.mcu.externaltools.gnu-tools-for-stm32.14.3.rel1.macos64_1.0.100.202602081740/tools/bin/../lib/gcc/arm-none-eabi/14.3.1/../../../../arm-none-eabi/lib/thumb/v7e-m+dp/hard/libc_nano.a(libc_a-strlen.o)
                              ./Core/Src/main.o (strlen)
[...]
Memory Configuration

Name             Origin             Length             Attributes
RAM              0x20000000         0x00080000         xrw
FLASH            0x08000000         0x00200000         xr
*default*        0x00000000         0xffffffff

Linker script and memory map

LOAD /Applications/STM32CubeIDE.app/Contents/Eclipse/plugins/com.st.stm32cube.ide.mcu.externaltools.gnu-tools-for-stm32.14.3.rel1.macos64_1.0.100.202602081740/tools/bin/../lib/gcc/arm-none-eabi/14.3.1/thumb/v7e-m+dp/hard/crti.o
LOAD /Applications/STM32CubeIDE.app/Contents/Eclipse/plugins/com.st.stm32cube.ide.mcu.externaltools.gnu-tools-for-stm32.14.3.rel1.macos64_1.0.100.202602081740/tools/bin/../lib/gcc/arm-none-eabi/14.3.1/thumb/v7e-m+dp/hard/crtbegin.o
LOAD /Applications/STM32CubeIDE.app/Contents/Eclipse/plugins/com.st.stm32cube.ide.mcu.externaltools.gnu-tools-for-stm32.14.3.rel1.macos64_1.0.100.202602081740/tools/bin/../lib/gcc/arm-none-eabi/14.3.1/../../../../arm-none-eabi/lib/thumb/v7e-m+dp/hard/crt0.o
LOAD ./Core/Src/gpio.o
LOAD ./Core/Src/main.o
LOAD ./Core/Src/stm32f7xx_hal_msp.o
LOAD ./Core/Src/stm32f7xx_it.o
LOAD ./Core/Src/syscalls.o
LOAD ./Core/Src/sysmem.o
LOAD ./Core/Src/system_stm32f7xx.o
LOAD ./Core/Src/usart.o
LOAD ./Core/Startup/startup_stm32f767zitx.o
LOAD ./Drivers/STM32F7xx_HAL_Driver/stm32f7xx_hal.o
LOAD ./Drivers/STM32F7xx_HAL_Driver/stm32f7xx_hal_cortex.o
LOAD ./Drivers/STM32F7xx_HAL_Driver/stm32f7xx_hal_dma.o
LOAD ./Drivers/STM32F7xx_HAL_Driver/stm32f7xx_hal_dma_ex.o
LOAD ./Drivers/STM32F7xx_HAL_Driver/stm32f7xx_hal_exti.o
LOAD ./Drivers/STM32F7xx_HAL_Driver/stm32f7xx_hal_flash.o
LOAD ./Drivers/STM32F7xx_HAL_Driver/stm32f7xx_hal_flash_ex.o
LOAD ./Drivers/STM32F7xx_HAL_Driver/stm32f7xx_hal_gpio.o
LOAD ./Drivers/STM32F7xx_HAL_Driver/stm32f7xx_hal_i2c.o
LOAD ./Drivers/STM32F7xx_HAL_Driver/stm32f7xx_hal_i2c_ex.o
LOAD ./Drivers/STM32F7xx_HAL_Driver/stm32f7xx_hal_pwr.o
LOAD ./Drivers/STM32F7xx_HAL_Driver/stm32f7xx_hal_pwr_ex.o
LOAD ./Drivers/STM32F7xx_HAL_Driver/stm32f7xx_hal_rcc.o
LOAD ./Drivers/STM32F7xx_HAL_Driver/stm32f7xx_hal_rcc_ex.o
LOAD ./Drivers/STM32F7xx_HAL_Driver/stm32f7xx_hal_uart.o
LOAD ./Drivers/STM32F7xx_HAL_Driver/stm32f7xx_hal_uart_ex.o
START GROUP
LOAD /Applications/STM32CubeIDE.app/Contents/Eclipse/plugins/com.st.stm32cube.ide.mcu.externaltools.gnu-tools-for-stm32.14.3.rel1.macos64_1.0.100.202602081740/tools/bin/../lib/gcc/arm-none-eabi/14.3.1/../../../../arm-none-eabi/lib/thumb/v7e-m+dp/hard/libc_nano.a
LOAD /Applications/STM32CubeIDE.app/Contents/Eclipse/plugins/com.st.stm32cube.ide.mcu.externaltools.gnu-tools-for-stm32.14.3.rel1.macos64_1.0.100.202602081740/tools/bin/../lib/gcc/arm-none-eabi/14.3.1/../../../../arm-none-eabi/lib/thumb/v7e-m+dp/hard/libm.a
END GROUP
START GROUP
LOAD /Applications/STM32CubeIDE.app/Contents/Eclipse/plugins/com.st.stm32cube.ide.mcu.externaltools.gnu-tools-for-stm32.14.3.rel1.macos64_1.0.100.202602081740/tools/bin/../lib/gcc/arm-none-eabi/14.3.1/thumb/v7e-m+dp/hard/libgcc.a
LOAD /Applications/STM32CubeIDE.app/Contents/Eclipse/plugins/com.st.stm32cube.ide.mcu.externaltools.gnu-tools-for-stm32.14.3.rel1.macos64_1.0.100.202602081740/tools/bin/../lib/gcc/arm-none-eabi/14.3.1/../../../../arm-none-eabi/lib/thumb/v7e-m+dp/hard/libc_nano.a
END GROUP
START GROUP
LOAD /Applications/STM32CubeIDE.app/Contents/Eclipse/plugins/com.st.stm32cube.ide.mcu.externaltools.gnu-tools-for-stm32.14.3.rel1.macos64_1.0.100.202602081740/tools/bin/../lib/gcc/arm-none-eabi/14.3.1/thumb/v7e-m+dp/hard/libgcc.a
LOAD /Applications/STM32CubeIDE.app/Contents/Eclipse/plugins/com.st.stm32cube.ide.mcu.externaltools.gnu-tools-for-stm32.14.3.rel1.macos64_1.0.100.202602081740/tools/bin/../lib/gcc/arm-none-eabi/14.3.1/../../../../arm-none-eabi/lib/thumb/v7e-m+dp/hard/libc_nano.a
LOAD /Applications/STM32CubeIDE.app/Contents/Eclipse/plugins/com.st.stm32cube.ide.mcu.externaltools.gnu-tools-for-stm32.14.3.rel1.macos64_1.0.100.202602081740/tools/bin/../lib/gcc/arm-none-eabi/14.3.1/../../../../arm-none-eabi/lib/thumb/v7e-m+dp/hard/libnosys.a
END GROUP
START GROUP
LOAD /Applications/STM32CubeIDE.app/Contents/Eclipse/plugins/com.st.stm32cube.ide.mcu.externaltools.gnu-tools-for-stm32.14.3.rel1.macos64_1.0.100.202602081740/tools/bin/../lib/gcc/arm-none-eabi/14.3.1/thumb/v7e-m+dp/hard/libgcc.a
LOAD /Applications/STM32CubeIDE.app/Contents/Eclipse/plugins/com.st.stm32cube.ide.mcu.externaltools.gnu-tools-for-stm32.14.3.rel1.macos64_1.0.100.202602081740/tools/bin/../lib/gcc/arm-none-eabi/14.3.1/../../../../arm-none-eabi/lib/thumb/v7e-m+dp/hard/libc_nano.a
LOAD /Applications/STM32CubeIDE.app/Contents/Eclipse/plugins/com.st.stm32cube.ide.mcu.externaltools.gnu-tools-for-stm32.14.3.rel1.macos64_1.0.100.202602081740/tools/bin/../lib/gcc/arm-none-eabi/14.3.1/../../../../arm-none-eabi/lib/thumb/v7e-m+dp/hard/libnosys.a
END GROUP
LOAD /Applications/STM32CubeIDE.app/Contents/Eclipse/plugins/com.st.stm32cube.ide.mcu.externaltools.gnu-tools-for-stm32.14.3.rel1.macos64_1.0.100.202602081740/tools/bin/../lib/gcc/arm-none-eabi/14.3.1/thumb/v7e-m+dp/hard/crtend.o
LOAD /Applications/STM32CubeIDE.app/Contents/Eclipse/plugins/com.st.stm32cube.ide.mcu.externaltools.gnu-tools-for-stm32.14.3.rel1.macos64_1.0.100.202602081740/tools/bin/../lib/gcc/arm-none-eabi/14.3.1/thumb/v7e-m+dp/hard/crtn.o
                0x20080000                        _estack = (ORIGIN (RAM) + LENGTH (RAM))
                0x00000200                        _Min_Heap_Size = 0x200
                0x00000400                        _Min_Stack_Size = 0x400

.isr_vector     0x08000000      0x1f8
                0x08000000                        . = ALIGN (0x4)
 *(.isr_vector)
 .isr_vector    0x08000000      0x1f8 ./Core/Startup/startup_stm32f767zitx.o
                0x08000000                g_pfnVectors
                0x080001f8                        . = ALIGN (0x4)

.text           0x080001f8     0x2f08
                0x080001f8                        . = ALIGN (0x4)
 *(.text)
 .text          0x080001f8       0x40 /Applications/STM32CubeIDE.app/Contents/Eclipse/plugins/com.st.stm32cube.ide.mcu.externaltools.gnu-tools-for-stm32.14.3.rel1.macos64_1.0.100.202602081740/tools/bin/../lib/gcc/arm-none-eabi/14.3.1/thumb/v7e-m+dp/hard/crtbegin.o
 .text          0x08000238       0x10 /Applications/STM32CubeIDE.app/Contents/Eclipse/plugins/com.st.stm32cube.ide.mcu.externaltools.gnu-tools-for-stm32.14.3.rel1.macos64_1.0.100.202602081740/tools/bin/../lib/gcc/arm-none-eabi/14.3.1/../../../../arm-none-eabi/lib/thumb/v7e-m+dp/hard/libc_nano.a(libc_a-strlen.o)
                0x08000238                strlen
 .text          0x08000248       0x30 /Applications/STM32CubeIDE.app/Contents/Eclipse/plugins/com.st.stm32cube.ide.mcu.externaltools.gnu-tools-for-stm32.14.3.rel1.macos64_1.0.100.202602081740/tools/bin/../lib/gcc/arm-none-eabi/14.3.1/thumb/v7e-m+dp/hard/libgcc.a(_aeabi_uldivmod.o)
                0x08000248                __aeabi_uldivmod
 .text          0x08000278      0x2f8 /Applications/STM32CubeIDE.app/Contents/Eclipse/plugins/com.st.stm32cube.ide.mcu.externaltools.gnu-tools-for-stm32.14.3.rel1.macos64_1.0.100.202602081740/tools/bin/../lib/gcc/arm-none-eabi/14.3.1/thumb/v7e-m+dp/hard/libgcc.a(_udivmoddi4.o)
                0x08000278                __udivmoddi4
 .text          0x08000570        0x4 /Applications/STM32CubeIDE.app/Contents/Eclipse/plugins/com.st.stm32cube.ide.mcu.externaltools.gnu-tools-for-stm32.14.3.rel1.macos64_1.0.100.202602081740/tools/bin/../lib/gcc/arm-none-eabi/14.3.1/thumb/v7e-m+dp/hard/libgcc.a(_dvmd_tls.o)
                0x08000570                __aeabi_ldiv0
                0x08000570                __aeabi_idiv0
 *(.text*)
 .text.MX_GPIO_Init
                0x08000574       0x98 ./Core/Src/gpio.o
                0x08000574                MX_GPIO_Init
 .text.UART_Print
                0x0800060c       0x3c ./Core/Src/main.o
 .text.UART_PutChar
                0x08000648       0x34 ./Core/Src/main.o
 .text.UART_GetChar
                0x0800067c       0x34 ./Core/Src/main.o
 .text.Blink_LED
                0x080006b0       0x54 ./Core/Src/main.o
 .text.LED_GPIO_Init
                0x08000704       0x60 ./Core/Src/main.o
 .text.main     0x08000764       0xd4 ./Core/Src/main.o
                0x08000764                main
 .text.SystemClock_Config
                0x08000838       0xb8 ./Core/Src/main.o
                0x08000838                SystemClock_Config
 .text.MPU_Config
                0x080008f0       0x58 ./Core/Src/main.o
 .text.Error_Handler
                0x08000948        0xc ./Core/Src/main.o
                0x08000948                Error_Handler
 .text.HAL_MspInit
                0x08000954       0x48 ./Core/Src/stm32f7xx_hal_msp.o
                0x08000954                HAL_MspInit
 .text.NMI_Handler
                0x0800099c        0x8 ./Core/Src/stm32f7xx_it.o
                0x0800099c                NMI_Handler
 .text.HardFault_Handler
                0x080009a4        0x8 ./Core/Src/stm32f7xx_it.o
                0x080009a4                HardFault_Handler
 .text.MemManage_Handler
                0x080009ac        0x8 ./Core/Src/stm32f7xx_it.o
                0x080009ac                MemManage_Handler
 .text.BusFault_Handler
                0x080009b4        0x8 ./Core/Src/stm32f7xx_it.o
                0x080009b4                BusFault_Handler
 .text.UsageFault_Handler
                0x080009bc        0x8 ./Core/Src/stm32f7xx_it.o
                0x080009bc                UsageFault_Handler
 .text.SVC_Handler
                0x080009c4        0xe ./Core/Src/stm32f7xx_it.o
                0x080009c4                SVC_Handler
 .text.DebugMon_Handler
                0x080009d2        0xe ./Core/Src/stm32f7xx_it.o
                0x080009d2                DebugMon_Handler
 .text.PendSV_Handler
                0x080009e0        0xe ./Core/Src/stm32f7xx_it.o
                0x080009e0                PendSV_Handler
 .text.SysTick_Handler
                0x080009ee        0xc ./Core/Src/stm32f7xx_it.o
                0x080009ee                SysTick_Handler
 *fill*         0x080009fa        0x2 
 .text.SystemInit
                0x080009fc       0x24 ./Core/Src/system_stm32f7xx.o
                0x080009fc                SystemInit
 .text.MX_USART3_UART_Init
                0x08000a20       0x60 ./Core/Src/usart.o
                0x08000a20                MX_USART3_UART_Init
 .text.HAL_UART_MspInit
                0x08000a80       0xc0 ./Core/Src/usart.o
                0x08000a80                HAL_UART_MspInit
 .text.Reset_Handler
                0x08000b40       0x50 ./Core/Startup/startup_stm32f767zitx.o
                0x08000b40                Reset_Handler
 .text.Default_Handler
                0x08000b90        0x2 ./Core/Startup/startup_stm32f767zitx.o
                0x08000b90                DMA1_Stream3_IRQHandler
                0x08000b90                EXTI2_IRQHandler
                0x08000b90                TIM8_CC_IRQHandler
                0x08000b90                UART8_IRQHandler
                0x08000b90                SPI4_IRQHandler
                0x08000b90                TIM1_CC_IRQHandler
                0x08000b90                DMA2_Stream5_IRQHandler
                0x08000b90                JPEG_IRQHandler
                0x08000b90                DMA1_Stream5_IRQHandler
                0x08000b90                CAN3_RX1_IRQHandler
                0x08000b90                PVD_IRQHandler
                0x08000b90                TAMP_STAMP_IRQHandler
                0x08000b90                CAN2_RX1_IRQHandler
                0x08000b90                EXTI3_IRQHandler
                0x08000b90                TIM8_TRG_COM_TIM14_IRQHandler
                0x08000b90                DFSDM1_FLT1_IRQHandler
                0x08000b90                TIM1_UP_TIM10_IRQHandler
                0x08000b90                TIM8_UP_TIM13_IRQHandler
                0x08000b90                I2C3_ER_IRQHandler
                0x08000b90                DFSDM1_FLT2_IRQHandler
                0x08000b90                EXTI0_IRQHandler
                0x08000b90                I2C2_EV_IRQHandler
                0x08000b90                DMA1_Stream2_IRQHandler
                0x08000b90                CAN1_RX0_IRQHandler
                0x08000b90                FPU_IRQHandler
                0x08000b90                OTG_HS_WKUP_IRQHandler
                0x08000b90                CAN3_SCE_IRQHandler
                0x08000b90                LTDC_ER_IRQHandler
                0x08000b90                CAN2_SCE_IRQHandler
                0x08000b90                DMA2_Stream2_IRQHandler
                0x08000b90                SPI1_IRQHandler
                0x08000b90                TIM6_DAC_IRQHandler
                0x08000b90                TIM1_BRK_TIM9_IRQHandler
                0x08000b90                DCMI_IRQHandler
                0x08000b90                CAN2_RX0_IRQHandler
                0x08000b90                DMA2_Stream3_IRQHandler
                0x08000b90                SAI2_IRQHandler
                0x08000b90                DFSDM1_FLT3_IRQHandler
                0x08000b90                USART6_IRQHandler
                0x08000b90                CAN3_RX0_IRQHandler
                0x08000b90                USART3_IRQHandler
                0x08000b90                CAN1_RX1_IRQHandler
                0x08000b90                UART5_IRQHandler
                0x08000b90                DMA2_Stream0_IRQHandler
                0x08000b90                TIM4_IRQHandler
                0x08000b90                QUADSPI_IRQHandler
                0x08000b90                I2C1_EV_IRQHandler
                0x08000b90                DMA1_Stream6_IRQHandler
                0x08000b90                DMA1_Stream1_IRQHandler
                0x08000b90                UART4_IRQHandler
                0x08000b90                TIM3_IRQHandler
                0x08000b90                RCC_IRQHandler
                0x08000b90                TIM8_BRK_TIM12_IRQHandler
                0x08000b90                Default_Handler
                0x08000b90                CEC_IRQHandler
                0x08000b90                EXTI15_10_IRQHandler
                0x08000b90                ADC_IRQHandler
                0x08000b90                DMA1_Stream7_IRQHandler
                0x08000b90                SPI5_IRQHandler
                0x08000b90                TIM7_IRQHandler
                0x08000b90                SDMMC1_IRQHandler
                0x08000b90                CAN2_TX_IRQHandler
                0x08000b90                TIM5_IRQHandler
                0x08000b90                DMA2_Stream7_IRQHandler
                0x08000b90                I2C3_EV_IRQHandler
                0x08000b90                EXTI9_5_IRQHandler
                0x08000b90                RTC_WKUP_IRQHandler
                0x08000b90                LTDC_IRQHandler
                0x08000b90                ETH_WKUP_IRQHandler
                0x08000b90                SPDIF_RX_IRQHandler
                0x08000b90                SPI2_IRQHandler
                0x08000b90                OTG_HS_EP1_IN_IRQHandler
                0x08000b90                DMA1_Stream0_IRQHandler
                0x08000b90                CAN1_TX_IRQHandler
                0x08000b90                EXTI4_IRQHandler
                0x08000b90                RNG_IRQHandler
                0x08000b90                ETH_IRQHandler
                0x08000b90                OTG_HS_EP1_OUT_IRQHandler
                0x08000b90                WWDG_IRQHandler
                0x08000b90                SPI6_IRQHandler
                0x08000b90                MDIOS_IRQHandler
                0x08000b90                I2C4_EV_IRQHandler
                0x08000b90                CAN3_TX_IRQHandler
                0x08000b90                TIM2_IRQHandler
                0x08000b90                OTG_FS_WKUP_IRQHandler
                0x08000b90                TIM1_TRG_COM_TIM11_IRQHandler
                0x08000b90                OTG_HS_IRQHandler
                0x08000b90                DMA2D_IRQHandler
                0x08000b90                EXTI1_IRQHandler
                0x08000b90                SDMMC2_IRQHandler
                0x08000b90                UART7_IRQHandler
                0x08000b90                USART2_IRQHandler
                0x08000b90                DFSDM1_FLT0_IRQHandler
                0x08000b90                I2C2_ER_IRQHandler
                0x08000b90                DMA2_Stream1_IRQHandler
                0x08000b90                CAN1_SCE_IRQHandler
                0x08000b90                FLASH_IRQHandler
                0x08000b90                DMA2_Stream4_IRQHandler
                0x08000b90                USART1_IRQHandler
                0x08000b90                OTG_FS_IRQHandler
                0x08000b90                SPI3_IRQHandler
                0x08000b90                DMA1_Stream4_IRQHandler
                0x08000b90                I2C1_ER_IRQHandler
                0x08000b90                FMC_IRQHandler
                0x08000b90                LPTIM1_IRQHandler
                0x08000b90                I2C4_ER_IRQHandler
                0x08000b90                DMA2_Stream6_IRQHandler
                0x08000b90                SAI1_IRQHandler
                0x08000b90                RTC_Alarm_IRQHandler
 .text.HAL_Init
                0x08000b92       0x1a ./Drivers/STM32F7xx_HAL_Driver/stm32f7xx_hal.o
                0x08000b92                HAL_Init
 .text.HAL_InitTick
                0x08000bac       0x60 ./Drivers/STM32F7xx_HAL_Driver/stm32f7xx_hal.o
                0x08000bac                HAL_InitTick
 .text.HAL_IncTick
                0x08000c0c       0x28 ./Drivers/STM32F7xx_HAL_Driver/stm32f7xx_hal.o
                0x08000c0c                HAL_IncTick
 .text.HAL_GetTick
                0x08000c34       0x18 ./Drivers/STM32F7xx_HAL_Driver/stm32f7xx_hal.o
                0x08000c34                HAL_GetTick
 .text.HAL_Delay
                0x08000c4c       0x48 ./Drivers/STM32F7xx_HAL_Driver/stm32f7xx_hal.o
                0x08000c4c                HAL_Delay
 .text.__NVIC_SetPriorityGrouping
                0x08000c94       0x48 ./Drivers/STM32F7xx_HAL_Driver/stm32f7xx_hal_cortex.o
 .text.__NVIC_GetPriorityGrouping
                0x08000cdc       0x1c ./Drivers/STM32F7xx_HAL_Driver/stm32f7xx_hal_cortex.o
 .text.__NVIC_SetPriority
                0x08000cf8       0x54 ./Drivers/STM32F7xx_HAL_Driver/stm32f7xx_hal_cortex.o
 .text.NVIC_EncodePriority
                0x08000d4c       0x66 ./Drivers/STM32F7xx_HAL_Driver/stm32f7xx_hal_cortex.o
 *fill*         0x08000db2        0x2 
 .text.SysTick_Config
                0x08000db4       0x44 ./Drivers/STM32F7xx_HAL_Driver/stm32f7xx_hal_cortex.o
 .text.HAL_NVIC_SetPriorityGrouping
                0x08000df8       0x16 ./Drivers/STM32F7xx_HAL_Driver/stm32f7xx_hal_cortex.o
                0x08000df8                HAL_NVIC_SetPriorityGrouping
 .text.HAL_NVIC_SetPriority
                0x08000e0e       0x38 ./Drivers/STM32F7xx_HAL_Driver/stm32f7xx_hal_cortex.o
                0x08000e0e                HAL_NVIC_SetPriority
 .text.HAL_SYSTICK_Config
                0x08000e46       0x18 ./Drivers/STM32F7xx_HAL_Driver/stm32f7xx_hal_cortex.o
                0x08000e46                HAL_SYSTICK_Config
 *fill*         0x08000e5e        0x2 
 .text.HAL_MPU_Disable
                0x08000e60       0x30 ./Drivers/STM32F7xx_HAL_Driver/stm32f7xx_hal_cortex.o
                0x08000e60                HAL_MPU_Disable
 .text.HAL_MPU_Enable
                0x08000e90       0x40 ./Drivers/STM32F7xx_HAL_Driver/stm32f7xx_hal_cortex.o
                0x08000e90                HAL_MPU_Enable
 .text.HAL_MPU_ConfigRegion
                0x08000ed0       0x80 ./Drivers/STM32F7xx_HAL_Driver/stm32f7xx_hal_cortex.o
                0x08000ed0                HAL_MPU_ConfigRegion
 .text.HAL_GPIO_Init
                0x08000f50      0x358 ./Drivers/STM32F7xx_HAL_Driver/stm32f7xx_hal_gpio.o
                0x08000f50                HAL_GPIO_Init
 .text.HAL_GPIO_WritePin
                0x080012a8       0x32 ./Drivers/STM32F7xx_HAL_Driver/stm32f7xx_hal_gpio.o
                0x080012a8                HAL_GPIO_WritePin
 *fill*         0x080012da        0x2 
 .text.HAL_RCC_OscConfig
                0x080012dc      0x55c ./Drivers/STM32F7xx_HAL_Driver/stm32f7xx_hal_rcc.o
                0x080012dc                HAL_RCC_OscConfig
 .text.HAL_RCC_ClockConfig
                0x08001838      0x1d8 ./Drivers/STM32F7xx_HAL_Driver/stm32f7xx_hal_rcc.o
                0x08001838                HAL_RCC_ClockConfig
 .text.HAL_RCC_GetSysClockFreq
                0x08001a10      0x188 ./Drivers/STM32F7xx_HAL_Driver/stm32f7xx_hal_rcc.o
                0x08001a10                HAL_RCC_GetSysClockFreq
 .text.HAL_RCC_GetHCLKFreq
                0x08001b98       0x18 ./Drivers/STM32F7xx_HAL_Driver/stm32f7xx_hal_rcc.o
                0x08001b98                HAL_RCC_GetHCLKFreq
 .text.HAL_RCC_GetPCLK1Freq
                0x08001bb0       0x28 ./Drivers/STM32F7xx_HAL_Driver/stm32f7xx_hal_rcc.o
                0x08001bb0                HAL_RCC_GetPCLK1Freq
 .text.HAL_RCC_GetPCLK2Freq
                0x08001bd8       0x28 ./Drivers/STM32F7xx_HAL_Driver/stm32f7xx_hal_rcc.o
                0x08001bd8                HAL_RCC_GetPCLK2Freq
 .text.HAL_RCCEx_PeriphCLKConfig
                0x08001c00      0x850 ./Drivers/STM32F7xx_HAL_Driver/stm32f7xx_hal_rcc_ex.o
                0x08001c00                HAL_RCCEx_PeriphCLKConfig
 .text.HAL_UART_Init
                0x08002450       0x9c ./Drivers/STM32F7xx_HAL_Driver/stm32f7xx_hal_uart.o
                0x08002450                HAL_UART_Init
 .text.HAL_UART_Transmit
                0x080024ec      0x112 ./Drivers/STM32F7xx_HAL_Driver/stm32f7xx_hal_uart.o
                0x080024ec                HAL_UART_Transmit
 .text.HAL_UART_Receive
                0x080025fe      0x190 ./Drivers/STM32F7xx_HAL_Driver/stm32f7xx_hal_uart.o
                0x080025fe                HAL_UART_Receive
 *fill*         0x0800278e        0x2 
 .text.UART_SetConfig
                0x08002790      0x4c8 ./Drivers/STM32F7xx_HAL_Driver/stm32f7xx_hal_uart.o
                0x08002790                UART_SetConfig
 .text.UART_AdvFeatureConfig
                0x08002c58      0x144 ./Drivers/STM32F7xx_HAL_Driver/stm32f7xx_hal_uart.o
                0x08002c58                UART_AdvFeatureConfig
 .text.UART_CheckIdleState
                0x08002d9c      0x150 ./Drivers/STM32F7xx_HAL_Driver/stm32f7xx_hal_uart.o
                0x08002d9c                UART_CheckIdleState
 .text.UART_WaitOnFlagUntilTimeout
                0x08002eec       0xda ./Drivers/STM32F7xx_HAL_Driver/stm32f7xx_hal_uart.o
                0x08002eec                UART_WaitOnFlagUntilTimeout
 .text.UART_EndRxTransfer
                0x08002fc6       0xc8 ./Drivers/STM32F7xx_HAL_Driver/stm32f7xx_hal_uart.o
 .text.memset   0x0800308e       0x10 /Applications/STM32CubeIDE.app/Contents/Eclipse/plugins/com.st.stm32cube.ide.mcu.externaltools.gnu-tools-for-stm32.14.3.rel1.macos64_1.0.100.202602081740/tools/bin/../lib/gcc/arm-none-eabi/14.3.1/../../../../arm-none-eabi/lib/thumb/v7e-m+dp/hard/libc_nano.a(libc_a-memset.o)
                0x0800308e                memset
 *fill*         0x0800309e        0x2 
 .text.__libc_init_array
                0x080030a0       0x48 /Applications/STM32CubeIDE.app/Contents/Eclipse/plugins/com.st.stm32cube.ide.mcu.externaltools.gnu-tools-for-stm32.14.3.rel1.macos64_1.0.100.202602081740/tools/bin/../lib/gcc/arm-none-eabi/14.3.1/../../../../arm-none-eabi/lib/thumb/v7e-m+dp/hard/libc_nano.a(libc_a-init.o)
                0x080030a0                __libc_init_array
 *(.glue_7)
 .glue_7        0x080030e8        0x0 linker stubs
 *(.glue_7t)
 .glue_7t       0x080030e8        0x0 linker stubs
 *(.eh_frame)
 .eh_frame      0x080030e8        0x0 /Applications/STM32CubeIDE.app/Contents/Eclipse/plugins/com.st.stm32cube.ide.mcu.externaltools.gnu-tools-for-stm32.14.3.rel1.macos64_1.0.100.202602081740/tools/bin/../lib/gcc/arm-none-eabi/14.3.1/thumb/v7e-m+dp/hard/crtbegin.o
 *(.init)
 .init          0x080030e8        0x4 /Applications/STM32CubeIDE.app/Contents/Eclipse/plugins/com.st.stm32cube.ide.mcu.externaltools.gnu-tools-for-stm32.14.3.rel1.macos64_1.0.100.202602081740/tools/bin/../lib/gcc/arm-none-eabi/14.3.1/thumb/v7e-m+dp/hard/crti.o
                0x080030e8                _init
 .init          0x080030ec        0x8 /Applications/STM32CubeIDE.app/Contents/Eclipse/plugins/com.st.stm32cube.ide.mcu.externaltools.gnu-tools-for-stm32.14.3.rel1.macos64_1.0.100.202602081740/tools/bin/../lib/gcc/arm-none-eabi/14.3.1/thumb/v7e-m+dp/hard/crtn.o
 *(.fini)
 .fini          0x080030f4        0x4 /Applications/STM32CubeIDE.app/Contents/Eclipse/plugins/com.st.stm32cube.ide.mcu.externaltools.gnu-tools-for-stm32.14.3.rel1.macos64_1.0.100.202602081740/tools/bin/../lib/gcc/arm-none-eabi/14.3.1/thumb/v7e-m+dp/hard/crti.o
                0x080030f4                _fini
 .fini          0x080030f8        0x8 /Applications/STM32CubeIDE.app/Contents/Eclipse/plugins/com.st.stm32cube.ide.mcu.externaltools.gnu-tools-for-stm32.14.3.rel1.macos64_1.0.100.202602081740/tools/bin/../lib/gcc/arm-none-eabi/14.3.1/thumb/v7e-m+dp/hard/crtn.o
                0x08003100                        . = ALIGN (0x4)
                0x08003100                        _etext = .

.vfp11_veneer   0x08003100        0x0
 .vfp11_veneer  0x08003100        0x0 linker stubs

.v4_bx          0x08003100        0x0
 .v4_bx         0x08003100        0x0 linker stubs

.iplt           0x08003100        0x0
 .iplt          0x08003100        0x0 /Applications/STM32CubeIDE.app/Contents/Eclipse/plugins/com.st.stm32cube.ide.mcu.externaltools.gnu-tools-for-stm32.14.3.rel1.macos64_1.0.100.202602081740/tools/bin/../lib/gcc/arm-none-eabi/14.3.1/thumb/v7e-m+dp/hard/crtbegin.o

.rodata         0x08003100       0x18
                0x08003100                        . = ALIGN (0x4)
 *(.rodata)
 *(.rodata*)
 .rodata.AHBPrescTable
                0x08003100       0x10 ./Core/Src/system_stm32f7xx.o
                0x08003100                AHBPrescTable
 .rodata.APBPrescTable
                0x08003110        0x8 ./Core/Src/system_stm32f7xx.o
                0x08003110                APBPrescTable
                0x08003118                        . = ALIGN (0x4)

.ARM.extab      0x08003118        0x0
                0x08003118                        . = ALIGN (0x4)
 *(.ARM.extab* .gnu.linkonce.armextab.*)
                0x08003118                        . = ALIGN (0x4)

.ARM            0x08003118        0x8
                0x08003118                        . = ALIGN (0x4)
                0x08003118                        __exidx_start = .
 *(.ARM.exidx*)
 .ARM.exidx     0x08003118        0x8 /Applications/STM32CubeIDE.app/Contents/Eclipse/plugins/com.st.stm32cube.ide.mcu.externaltools.gnu-tools-for-stm32.14.3.rel1.macos64_1.0.100.202602081740/tools/bin/../lib/gcc/arm-none-eabi/14.3.1/../../../../arm-none-eabi/lib/thumb/v7e-m+dp/hard/libc_nano.a(libc_a-strlen.o)
 .ARM.exidx     0x08003120        0x0 /Applications/STM32CubeIDE.app/Contents/Eclipse/plugins/com.st.stm32cube.ide.mcu.externaltools.gnu-tools-for-stm32.14.3.rel1.macos64_1.0.100.202602081740/tools/bin/../lib/gcc/arm-none-eabi/14.3.1/thumb/v7e-m+dp/hard/libgcc.a(_udivmoddi4.o)
                                  0x8 (size before relaxing)
                0x08003120                        __exidx_end = .
                0x08003120                        . = ALIGN (0x4)

.preinit_array  0x08003120        0x0
                0x08003120                        . = ALIGN (0x4)
                0x08003120                        PROVIDE (__preinit_array_start = .)
 *(.preinit_array*)
                0x08003120                        PROVIDE (__preinit_array_end = .)
                0x08003120                        . = ALIGN (0x4)

.init_array     0x08003120        0x4
                0x08003120                        . = ALIGN (0x4)
                0x08003120                        PROVIDE (__init_array_start = .)
 *(SORT_BY_NAME(.init_array.*))
 *(.init_array*)
 .init_array    0x08003120        0x4 /Applications/STM32CubeIDE.app/Contents/Eclipse/plugins/com.st.stm32cube.ide.mcu.externaltools.gnu-tools-for-stm32.14.3.rel1.macos64_1.0.100.202602081740/tools/bin/../lib/gcc/arm-none-eabi/14.3.1/thumb/v7e-m+dp/hard/crtbegin.o
                0x08003124                        PROVIDE (__init_array_end = .)
                0x08003124                        . = ALIGN (0x4)

.fini_array     0x08003124        0x4
                0x08003124                        . = ALIGN (0x4)
                [!provide]                        PROVIDE (__fini_array_start = .)
 *(SORT_BY_NAME(.fini_array.*))
 *(.fini_array*)
 .fini_array    0x08003124        0x4 /Applications/STM32CubeIDE.app/Contents/Eclipse/plugins/com.st.stm32cube.ide.mcu.externaltools.gnu-tools-for-stm32.14.3.rel1.macos64_1.0.100.202602081740/tools/bin/../lib/gcc/arm-none-eabi/14.3.1/thumb/v7e-m+dp/hard/crtbegin.o
                [!provide]                        PROVIDE (__fini_array_end = .)
                0x08003128                        . = ALIGN (0x4)
                0x08003128                        _sidata = LOADADDR (.data)

.rel.dyn        0x08003128        0x0
 .rel.iplt      0x08003128        0x0 /Applications/STM32CubeIDE.app/Contents/Eclipse/plugins/com.st.stm32cube.ide.mcu.externaltools.gnu-tools-for-stm32.14.3.rel1.macos64_1.0.100.202602081740/tools/bin/../lib/gcc/arm-none-eabi/14.3.1/thumb/v7e-m+dp/hard/crtbegin.o

.data           0x20000000       0xe8 load address 0x08003128
                0x20000000                        . = ALIGN (0x4)
                0x20000000                        _sdata = .
 *(.data)
 *(.data*)
 .data.menu     0x20000000       0x68 ./Core/Src/main.o
                0x20000000                menu
 .data.prompt   0x20000068        0xa ./Core/Src/main.o
                0x20000068                prompt
 *fill*         0x20000072        0x2 
 .data.newline  0x20000074        0x3 ./Core/Src/main.o
                0x20000074                newline
 *fill*         0x20000077        0x1 
 .data.quit_msg
                0x20000078        0x7 ./Core/Src/main.o
                0x20000078                quit_msg
 *fill*         0x2000007f        0x1 
 .data.unknown  0x20000080       0x12 ./Core/Src/main.o
                0x20000080                unknown
 *fill*         0x20000092        0x2 
 .data.members  0x20000094       0x45 ./Core/Src/main.o
                0x20000094                members
 *fill*         0x200000d9        0x3 
 .data.SystemCoreClock
                0x200000dc        0x4 ./Core/Src/system_stm32f7xx.o
                0x200000dc                SystemCoreClock
 .data.uwTickPrio
                0x200000e0        0x4 ./Drivers/STM32F7xx_HAL_Driver/stm32f7xx_hal.o
                0x200000e0                uwTickPrio
 .data.uwTickFreq
                0x200000e4        0x1 ./Drivers/STM32F7xx_HAL_Driver/stm32f7xx_hal.o
                0x200000e4                uwTickFreq
 *(.RamFunc)
 *(.RamFunc*)
                0x200000e8                        . = ALIGN (0x4)
 *fill*         0x200000e5        0x3 
                0x200000e8                        _edata = .

.igot.plt       0x200000e8        0x0 load address 0x08003210
 .igot.plt      0x200000e8        0x0 /Applications/STM32CubeIDE.app/Contents/Eclipse/plugins/com.st.stm32cube.ide.mcu.externaltools.gnu-tools-for-stm32.14.3.rel1.macos64_1.0.100.202602081740/tools/bin/../lib/gcc/arm-none-eabi/14.3.1/thumb/v7e-m+dp/hard/crtbegin.o
                0x200000e8                        . = ALIGN (0x4)

.bss            0x200000e8       0xac load address 0x08003210
                0x200000e8                        _sbss = .
                0x200000e8                        __bss_start__ = _sbss
 *(.bss)
 .bss           0x200000e8       0x1c /Applications/STM32CubeIDE.app/Contents/Eclipse/plugins/com.st.stm32cube.ide.mcu.externaltools.gnu-tools-for-stm32.14.3.rel1.macos64_1.0.100.202602081740/tools/bin/../lib/gcc/arm-none-eabi/14.3.1/thumb/v7e-m+dp/hard/crtbegin.o
 *(.bss*)
 .bss.rx_buf    0x20000104        0x1 ./Core/Src/main.o
                0x20000104                rx_buf
 *fill*         0x20000105        0x3 
 .bss.huart3    0x20000108       0x88 ./Core/Src/usart.o
                0x20000108                huart3
 .bss.uwTick    0x20000190        0x4 ./Drivers/STM32F7xx_HAL_Driver/stm32f7xx_hal.o
                0x20000190                uwTick
 *(COMMON)
                0x20000194                        . = ALIGN (0x4)
                0x20000194                        _ebss = .
                0x20000194                        __bss_end__ = _ebss

._user_heap_stack
                0x20000194      0x604 load address 0x08003210
                0x20000198                        . = ALIGN (0x8)
 *fill*         0x20000194        0x4 
                [!provide]                        PROVIDE (end = .)
                0x20000198                        PROVIDE (_end = .)
                0x20000398                        . = (. + _Min_Heap_Size)
 *fill*         0x20000198      0x200 
                0x20000798                        . = (. + _Min_Stack_Size)
 *fill*         0x20000398      0x400 
                0x20000798                        . = ALIGN (0x8)

/DISCARD/
 libc.a(*)
 libm.a(*)
 libgcc.a(*)

.ARM.attributes
                0x00000000       0x2e
 *(.ARM.attributes)
 .ARM.attributes
                0x00000000       0x20 /Applications/STM32CubeIDE.app/Contents/Eclipse/plugins/com.st.stm32cube.ide.mcu.externaltools.gnu-tools-for-stm32.14.3.rel1.macos64_1.0.100.202602081740/tools/bin/../lib/gcc/arm-none-eabi/14.3.1/thumb/v7e-m+dp/hard/crti.o
 .ARM.attributes
                0x00000020       0x32 /Applications/STM32CubeIDE.app/Contents/Eclipse/plugins/com.st.stm32cube.ide.mcu.externaltools.gnu-tools-for-stm32.14.3.rel1.macos64_1.0.100.202602081740/tools/bin/../lib/gcc/arm-none-eabi/14.3.1/thumb/v7e-m+dp/hard/crtbegin.o
 .ARM.attributes
                0x00000052       0x32 ./Core/Src/gpio.o
 .ARM.attributes
                0x00000084       0x32 ./Core/Src/main.o
 .ARM.attributes
                0x000000b6       0x32 ./Core/Src/stm32f7xx_hal_msp.o
 .ARM.attributes
                0x000000e8       0x32 ./Core/Src/stm32f7xx_it.o
 .ARM.attributes
                0x0000011a       0x32 ./Core/Src/system_stm32f7xx.o
 .ARM.attributes
                0x0000014c       0x32 ./Core/Src/usart.o
 .ARM.attributes
                0x0000017e       0x21 ./Core/Startup/startup_stm32f767zitx.o
 .ARM.attributes
                0x0000019f       0x32 ./Drivers/STM32F7xx_HAL_Driver/stm32f7xx_hal.o
 .ARM.attributes
                0x000001d1       0x32 ./Drivers/STM32F7xx_HAL_Driver/stm32f7xx_hal_cortex.o
 .ARM.attributes
                0x00000203       0x32 ./Drivers/STM32F7xx_HAL_Driver/stm32f7xx_hal_gpio.o
 .ARM.attributes
                0x00000235       0x32 ./Drivers/STM32F7xx_HAL_Driver/stm32f7xx_hal_rcc.o
 .ARM.attributes
                0x00000267       0x32 ./Drivers/STM32F7xx_HAL_Driver/stm32f7xx_hal_rcc_ex.o
 .ARM.attributes
                0x00000299       0x32 ./Drivers/STM32F7xx_HAL_Driver/stm32f7xx_hal_uart.o
 .ARM.attributes
                0x000002cb       0x32 /Applications/STM32CubeIDE.app/Contents/Eclipse/plugins/com.st.stm32cube.ide.mcu.externaltools.gnu-tools-for-stm32.14.3.rel1.macos64_1.0.100.202602081740/tools/bin/../lib/gcc/arm-none-eabi/14.3.1/../../../../arm-none-eabi/lib/thumb/v7e-m+dp/hard/libc_nano.a(libc_a-memset.o)
 .ARM.attributes
                0x000002fd       0x32 /Applications/STM32CubeIDE.app/Contents/Eclipse/plugins/com.st.stm32cube.ide.mcu.externaltools.gnu-tools-for-stm32.14.3.rel1.macos64_1.0.100.202602081740/tools/bin/../lib/gcc/arm-none-eabi/14.3.1/../../../../arm-none-eabi/lib/thumb/v7e-m+dp/hard/libc_nano.a(libc_a-init.o)
 .ARM.attributes
                0x0000032f       0x17 /Applications/STM32CubeIDE.app/Contents/Eclipse/plugins/com.st.stm32cube.ide.mcu.externaltools.gnu-tools-for-stm32.14.3.rel1.macos64_1.0.100.202602081740/tools/bin/../lib/gcc/arm-none-eabi/14.3.1/../../../../arm-none-eabi/lib/thumb/v7e-m+dp/hard/libc_nano.a(libc_a-strlen.o)
 .ARM.attributes
                0x00000346       0x20 /Applications/STM32CubeIDE.app/Contents/Eclipse/plugins/com.st.stm32cube.ide.mcu.externaltools.gnu-tools-for-stm32.14.3.rel1.macos64_1.0.100.202602081740/tools/bin/../lib/gcc/arm-none-eabi/14.3.1/thumb/v7e-m+dp/hard/libgcc.a(_aeabi_uldivmod.o)
 .ARM.attributes
                0x00000366       0x32 /Applications/STM32CubeIDE.app/Contents/Eclipse/plugins/com.st.stm32cube.ide.mcu.externaltools.gnu-tools-for-stm32.14.3.rel1.macos64_1.0.100.202602081740/tools/bin/../lib/gcc/arm-none-eabi/14.3.1/thumb/v7e-m+dp/hard/libgcc.a(_udivmoddi4.o)
 .ARM.attributes
                0x00000398       0x20 /Applications/STM32CubeIDE.app/Contents/Eclipse/plugins/com.st.stm32cube.ide.mcu.externaltools.gnu-tools-for-stm32.14.3.rel1.macos64_1.0.100.202602081740/tools/bin/../lib/gcc/arm-none-eabi/14.3.1/thumb/v7e-m+dp/hard/libgcc.a(_dvmd_tls.o)
 .ARM.attributes
                0x000003b8       0x20 /Applications/STM32CubeIDE.app/Contents/Eclipse/plugins/com.st.stm32cube.ide.mcu.externaltools.gnu-tools-for-stm32.14.3.rel1.macos64_1.0.100.202602081740/tools/bin/../lib/gcc/arm-none-eabi/14.3.1/thumb/v7e-m+dp/hard/crtn.o
OUTPUT(Lab03_UART.elf elf32-littlearm)
LOAD linker stubs
LOAD /Applications/STM32CubeIDE.app/Contents/Eclipse/plugins/com.st.stm32cube.ide.mcu.externaltools.gnu-tools-for-stm32.14.3.rel1.macos64_1.0.100.202602081740/tools/bin/../lib/gcc/arm-none-eabi/14.3.1/../../../../arm-none-eabi/lib/thumb/v7e-m+dp/hard/libc.a
LOAD /Applications/STM32CubeIDE.app/Contents/Eclipse/plugins/com.st.stm32cube.ide.mcu.externaltools.gnu-tools-for-stm32.14.3.rel1.macos64_1.0.100.202602081740/tools/bin/../lib/gcc/arm-none-eabi/14.3.1/../../../../arm-none-eabi/lib/thumb/v7e-m+dp/hard/libm.a
LOAD /Applications/STM32CubeIDE.app/Contents/Eclipse/plugins/com.st.stm32cube.ide.mcu.externaltools.gnu-tools-for-stm32.14.3.rel1.macos64_1.0.100.202602081740/tools/bin/../lib/gcc/arm-none-eabi/14.3.1/thumb/v7e-m+dp/hard/libgcc.a

.debug_info     0x00000000     0x970a
 .debug_info    0x00000000      0x3f5 ./Core/Src/gpio.o
 .debug_info    0x000003f5      0xf9a ./Core/Src/main.o
 .debug_info    0x0000138f      0x28d ./Core/Src/stm32f7xx_hal_msp.o
 .debug_info    0x0000161c      0x112 ./Core/Src/stm32f7xx_it.o
 .debug_info    0x0000172e      0x6ed ./Core/Src/system_stm32f7xx.o
 .debug_info    0x00001e1b      0xc81 ./Core/Src/usart.o
 .debug_info    0x00002a9c       0x30 ./Core/Startup/startup_stm32f767zitx.o
 .debug_info    0x00002acc      0xa4c ./Drivers/STM32F7xx_HAL_Driver/stm32f7xx_hal.o
 .debug_info    0x00003518      0xfc0 ./Drivers/STM32F7xx_HAL_Driver/stm32f7xx_hal_cortex.o
 .debug_info    0x000044d8      0x6f3 ./Drivers/STM32F7xx_HAL_Driver/stm32f7xx_hal_gpio.o
 .debug_info    0x00004bcb      0x94b ./Drivers/STM32F7xx_HAL_Driver/stm32f7xx_hal_rcc.o
 .debug_info    0x00005516      0x6e1 ./Drivers/STM32F7xx_HAL_Driver/stm32f7xx_hal_rcc_ex.o
 .debug_info    0x00005bf7     0x3b13 ./Drivers/STM32F7xx_HAL_Driver/stm32f7xx_hal_uart.o

.debug_abbrev   0x00000000     0x17a4
 .debug_abbrev  0x00000000      0x152 ./Core/Src/gpio.o
 .debug_abbrev  0x00000152      0x31d ./Core/Src/main.o
 .debug_abbrev  0x0000046f       0xd8 ./Core/Src/stm32f7xx_hal_msp.o
 .debug_abbrev  0x00000547       0x73 ./Core/Src/stm32f7xx_it.o
 .debug_abbrev  0x000005ba      0x13b ./Core/Src/system_stm32f7xx.o
 .debug_abbrev  0x000006f5      0x1f9 ./Core/Src/usart.o
 .debug_abbrev  0x000008ee       0x24 ./Core/Startup/startup_stm32f767zitx.o
 .debug_abbrev  0x00000912      0x213 ./Drivers/STM32F7xx_HAL_Driver/stm32f7xx_hal.o
 .debug_abbrev  0x00000b25      0x31e ./Drivers/STM32F7xx_HAL_Driver/stm32f7xx_hal_cortex.o
 .debug_abbrev  0x00000e43      0x1d4 ./Drivers/STM32F7xx_HAL_Driver/stm32f7xx_hal_gpio.o
 .debug_abbrev  0x00001017      0x2de ./Drivers/STM32F7xx_HAL_Driver/stm32f7xx_hal_rcc.o
 .debug_abbrev  0x000012f5      0x1c9 ./Drivers/STM32F7xx_HAL_Driver/stm32f7xx_hal_rcc_ex.o
 .debug_abbrev  0x000014be      0x2e6 ./Drivers/STM32F7xx_HAL_Driver/stm32f7xx_hal_uart.o

.debug_aranges  0x00000000      0x718
 .debug_aranges
                0x00000000       0x20 ./Core/Src/gpio.o
 .debug_aranges
                0x00000020       0x60 ./Core/Src/main.o
 .debug_aranges
                0x00000080       0x20 ./Core/Src/stm32f7xx_hal_msp.o
 .debug_aranges
                0x000000a0       0x60 ./Core/Src/stm32f7xx_it.o
 .debug_aranges
                0x00000100       0x28 ./Core/Src/system_stm32f7xx.o
 .debug_aranges
                0x00000128       0x30 ./Core/Src/usart.o
 .debug_aranges
                0x00000158       0x28 ./Core/Startup/startup_stm32f767zitx.o
 .debug_aranges
                0x00000180      0x110 ./Drivers/STM32F7xx_HAL_Driver/stm32f7xx_hal.o
 .debug_aranges
                0x00000290      0x128 ./Drivers/STM32F7xx_HAL_Driver/stm32f7xx_hal_cortex.o
 .debug_aranges
                0x000003b8       0x58 ./Drivers/STM32F7xx_HAL_Driver/stm32f7xx_hal_gpio.o
 .debug_aranges
                0x00000410       0x88 ./Drivers/STM32F7xx_HAL_Driver/stm32f7xx_hal_rcc.o
 .debug_aranges
                0x00000498       0x50 ./Drivers/STM32F7xx_HAL_Driver/stm32f7xx_hal_rcc_ex.o
 .debug_aranges
                0x000004e8      0x230 ./Drivers/STM32F7xx_HAL_Driver/stm32f7xx_hal_uart.o

.debug_rnglists
                0x00000000      0x565
 .debug_rnglists
                0x00000000       0x14 ./Core/Src/gpio.o
 .debug_rnglists
                0x00000014       0x45 ./Core/Src/main.o
 .debug_rnglists
                0x00000059       0x13 ./Core/Src/stm32f7xx_hal_msp.o
 .debug_rnglists
                0x0000006c       0x43 ./Core/Src/stm32f7xx_it.o
 .debug_rnglists
                0x000000af       0x1a ./Core/Src/system_stm32f7xx.o
 .debug_rnglists
                0x000000c9       0x20 ./Core/Src/usart.o
 .debug_rnglists
                0x000000e9       0x19 ./Core/Startup/startup_stm32f767zitx.o
 .debug_rnglists
                0x00000102       0xc7 ./Drivers/STM32F7xx_HAL_Driver/stm32f7xx_hal.o
 .debug_rnglists
                0x000001c9       0xda ./Drivers/STM32F7xx_HAL_Driver/stm32f7xx_hal_cortex.o
 .debug_rnglists
                0x000002a3       0x3f ./Drivers/STM32F7xx_HAL_Driver/stm32f7xx_hal_gpio.o
 .debug_rnglists
                0x000002e2       0x67 ./Drivers/STM32F7xx_HAL_Driver/stm32f7xx_hal_rcc.o
 .debug_rnglists
                0x00000349       0x3c ./Drivers/STM32F7xx_HAL_Driver/stm32f7xx_hal_rcc_ex.o
 .debug_rnglists
                0x00000385      0x1e0 ./Drivers/STM32F7xx_HAL_Driver/stm32f7xx_hal_uart.o

.debug_macro    0x00000000    0x26501
 .debug_macro   0x00000000      0x1ca ./Core/Src/gpio.o
 .debug_macro   0x000001ca      0xaf0 ./Core/Src/gpio.o
 .debug_macro   0x00000cba      0x287 ./Core/Src/gpio.o
 .debug_macro   0x00000f41       0x2e ./Core/Src/gpio.o
 .debug_macro   0x00000f6f       0x3b ./Core/Src/gpio.o
 .debug_macro   0x00000faa       0x22 ./Core/Src/gpio.o
 .debug_macro   0x00000fcc       0x8e ./Core/Src/gpio.o
 .debug_macro   0x0000105a       0x51 ./Core/Src/gpio.o
 .debug_macro   0x000010ab      0x103 ./Core/Src/gpio.o
 .debug_macro   0x000011ae       0x6a ./Core/Src/gpio.o
 .debug_macro   0x00001218      0x1df ./Core/Src/gpio.o
 .debug_macro   0x000013f7       0x1c ./Core/Src/gpio.o
 .debug_macro   0x00001413       0x22 ./Core/Src/gpio.o
 .debug_macro   0x00001435       0xd9 ./Core/Src/gpio.o
 .debug_macro   0x0000150e     0x12cd ./Core/Src/gpio.o
 .debug_macro   0x000027db      0x11f ./Core/Src/gpio.o
 .debug_macro   0x000028fa       0x19 ./Core/Src/gpio.o
 .debug_macro   0x00002913    0x1aa23 ./Core/Src/gpio.o
 .debug_macro   0x0001d336       0x6d ./Core/Src/gpio.o
 .debug_macro   0x0001d3a3     0x375e ./Core/Src/gpio.o
 .debug_macro   0x00020b01      0x190 ./Core/Src/gpio.o
 .debug_macro   0x00020c91       0x63 ./Core/Src/gpio.o
 .debug_macro   0x00020cf4     0x1add ./Core/Src/gpio.o
 .debug_macro   0x000227d1      0x6c4 ./Core/Src/gpio.o
 .debug_macro   0x00022e95      0x18b ./Core/Src/gpio.o
 .debug_macro   0x00023020      0x115 ./Core/Src/gpio.o
 .debug_macro   0x00023135      0x26e ./Core/Src/gpio.o
 .debug_macro   0x000233a3       0xa5 ./Core/Src/gpio.o
 .debug_macro   0x00023448      0x24f ./Core/Src/gpio.o
 .debug_macro   0x00023697       0x71 ./Core/Src/gpio.o
 .debug_macro   0x00023708       0x58 ./Core/Src/gpio.o
 .debug_macro   0x00023760      0x236 ./Core/Src/gpio.o
 .debug_macro   0x00023996      0x14e ./Core/Src/gpio.o
 .debug_macro   0x00023ae4      0x3db ./Core/Src/gpio.o
 .debug_macro   0x00023ebf       0x12 ./Core/Src/gpio.o
 .debug_macro   0x00023ed1      0x12e ./Core/Src/gpio.o
 .debug_macro   0x00023fff      0x108 ./Core/Src/gpio.o
 .debug_macro   0x00024107       0x35 ./Core/Src/gpio.o
 .debug_macro   0x0002413c      0x5ba ./Core/Src/gpio.o
 .debug_macro   0x000246f6       0x44 ./Core/Src/gpio.o
 .debug_macro   0x0002473a      0x15b ./Core/Src/gpio.o
 .debug_macro   0x00024895      0x2be ./Core/Src/main.o
 .debug_macro   0x00024b53       0x61 ./Core/Src/main.o
 .debug_macro   0x00024bb4       0x29 ./Core/Src/main.o
 .debug_macro   0x00024bdd       0x43 ./Core/Src/main.o
 .debug_macro   0x00024c20       0x34 ./Core/Src/main.o
 .debug_macro   0x00024c54      0x364 ./Core/Src/main.o
 .debug_macro   0x00024fb8       0x16 ./Core/Src/main.o
 .debug_macro   0x00024fce       0x4a ./Core/Src/main.o
 .debug_macro   0x00025018       0x34 ./Core/Src/main.o
 .debug_macro   0x0002504c       0x10 ./Core/Src/main.o
 .debug_macro   0x0002505c       0x58 ./Core/Src/main.o
 .debug_macro   0x000250b4       0x8e ./Core/Src/main.o
 .debug_macro   0x00025142       0x1c ./Core/Src/main.o
 .debug_macro   0x0002515e      0x17e ./Core/Src/main.o
 .debug_macro   0x000252dc       0x10 ./Core/Src/main.o
 .debug_macro   0x000252ec       0x3c ./Core/Src/main.o
 .debug_macro   0x00025328       0x20 ./Core/Src/main.o
 .debug_macro   0x00025348      0x1c0 ./Core/Src/stm32f7xx_hal_msp.o
 .debug_macro   0x00025508      0x1ca ./Core/Src/stm32f7xx_it.o
 .debug_macro   0x000256d2      0x1b6 ./Core/Src/system_stm32f7xx.o
 .debug_macro   0x00025888      0x1ca ./Core/Src/usart.o
 .debug_macro   0x00025a52      0x1da ./Drivers/STM32F7xx_HAL_Driver/stm32f7xx_hal.o
 .debug_macro   0x00025c2c      0x1b6 ./Drivers/STM32F7xx_HAL_Driver/stm32f7xx_hal_cortex.o
 .debug_macro   0x00025de2      0x1bc ./Drivers/STM32F7xx_HAL_Driver/stm32f7xx_hal_gpio.o
 .debug_macro   0x00025f9e      0x1da ./Drivers/STM32F7xx_HAL_Driver/stm32f7xx_hal_rcc.o
 .debug_macro   0x00026178      0x1b6 ./Drivers/STM32F7xx_HAL_Driver/stm32f7xx_hal_rcc_ex.o
 .debug_macro   0x0002632e      0x1d3 ./Drivers/STM32F7xx_HAL_Driver/stm32f7xx_hal_uart.o

.debug_line     0x00000000     0xa51b
 .debug_line    0x00000000      0x7a8 ./Core/Src/gpio.o
 .debug_line    0x000007a8      0xabe ./Core/Src/main.o
 .debug_line    0x00001266      0x790 ./Core/Src/stm32f7xx_hal_msp.o
 .debug_line    0x000019f6      0x83f ./Core/Src/stm32f7xx_it.o
 .debug_line    0x00002235      0x804 ./Core/Src/system_stm32f7xx.o
 .debug_line    0x00002a39      0x81a ./Core/Src/usart.o
 .debug_line    0x00003253       0x7a ./Core/Startup/startup_stm32f767zitx.o
 .debug_line    0x000032cd      0xb23 ./Drivers/STM32F7xx_HAL_Driver/stm32f7xx_hal.o
 .debug_line    0x00003df0      0xd70 ./Drivers/STM32F7xx_HAL_Driver/stm32f7xx_hal_cortex.o
 .debug_line    0x00004b60      0xc47 ./Drivers/STM32F7xx_HAL_Driver/stm32f7xx_hal_gpio.o
 .debug_line    0x000057a7     0x1025 ./Drivers/STM32F7xx_HAL_Driver/stm32f7xx_hal_rcc.o
 .debug_line    0x000067cc      0xf73 ./Drivers/STM32F7xx_HAL_Driver/stm32f7xx_hal_rcc_ex.o
 .debug_line    0x0000773f     0x2ddc ./Drivers/STM32F7xx_HAL_Driver/stm32f7xx_hal_uart.o

.debug_str      0x00000000    0xee81c
 .debug_str     0x00000000    0xee81c ./Core/Src/gpio.o
                              0xe93b3 (size before relaxing)
 .debug_str     0x000ee81c    0xecd7d ./Core/Src/main.o
 .debug_str     0x000ee81c    0xe92e8 ./Core/Src/stm32f7xx_hal_msp.o
 .debug_str     0x000ee81c    0xe9251 ./Core/Src/stm32f7xx_it.o
 .debug_str     0x000ee81c    0xe9461 ./Core/Src/system_stm32f7xx.o
 .debug_str     0x000ee81c    0xe9b72 ./Core/Src/usart.o
 .debug_str     0x000ee81c       0x6a ./Core/Startup/startup_stm32f767zitx.o
 .debug_str     0x000ee81c    0xe9eda ./Drivers/STM32F7xx_HAL_Driver/stm32f7xx_hal.o
 .debug_str     0x000ee81c    0xe9ebc ./Drivers/STM32F7xx_HAL_Driver/stm32f7xx_hal_cortex.o
 .debug_str     0x000ee81c    0xe9558 ./Drivers/STM32F7xx_HAL_Driver/stm32f7xx_hal_gpio.o
 .debug_str     0x000ee81c    0xe9815 ./Drivers/STM32F7xx_HAL_Driver/stm32f7xx_hal_rcc.o
 .debug_str     0x000ee81c    0xe9778 ./Drivers/STM32F7xx_HAL_Driver/stm32f7xx_hal_rcc_ex.o
 .debug_str     0x000ee81c    0xea163 ./Drivers/STM32F7xx_HAL_Driver/stm32f7xx_hal_uart.o

.comment        0x00000000       0x43
 .comment       0x00000000       0x43 ./Core/Src/gpio.o
                                 0x44 (size before relaxing)
 .comment       0x00000043       0x44 ./Core/Src/main.o
 .comment       0x00000043       0x44 ./Core/Src/stm32f7xx_hal_msp.o
 .comment       0x00000043       0x44 ./Core/Src/stm32f7xx_it.o
 .comment       0x00000043       0x44 ./Core/Src/system_stm32f7xx.o
 .comment       0x00000043       0x44 ./Core/Src/usart.o
 .comment       0x00000043       0x44 ./Drivers/STM32F7xx_HAL_Driver/stm32f7xx_hal.o
 .comment       0x00000043       0x44 ./Drivers/STM32F7xx_HAL_Driver/stm32f7xx_hal_cortex.o
 .comment       0x00000043       0x44 ./Drivers/STM32F7xx_HAL_Driver/stm32f7xx_hal_gpio.o
 .comment       0x00000043       0x44 ./Drivers/STM32F7xx_HAL_Driver/stm32f7xx_hal_rcc.o
 .comment       0x00000043       0x44 ./Drivers/STM32F7xx_HAL_Driver/stm32f7xx_hal_rcc_ex.o
 .comment       0x00000043       0x44 ./Drivers/STM32F7xx_HAL_Driver/stm32f7xx_hal_uart.o

.debug_frame    0x00000000     0x1a14
 .debug_frame   0x00000000       0x34 ./Core/Src/gpio.o
 .debug_frame   0x00000034      0x140 ./Core/Src/main.o
 .debug_frame   0x00000174       0x34 ./Core/Src/stm32f7xx_hal_msp.o
 .debug_frame   0x000001a8       0xf8 ./Core/Src/stm32f7xx_it.o
 .debug_frame   0x000002a0       0x50 ./Core/Src/system_stm32f7xx.o
 .debug_frame   0x000002f0       0x78 ./Core/Src/usart.o
 .debug_frame   0x00000368      0x38c ./Drivers/STM32F7xx_HAL_Driver/stm32f7xx_hal.o
 .debug_frame   0x000006f4      0x49c ./Drivers/STM32F7xx_HAL_Driver/stm32f7xx_hal_cortex.o
 .debug_frame   0x00000b90      0x130 ./Drivers/STM32F7xx_HAL_Driver/stm32f7xx_hal_gpio.o
 .debug_frame   0x00000cc0      0x1e0 ./Drivers/STM32F7xx_HAL_Driver/stm32f7xx_hal_rcc.o
 .debug_frame   0x00000ea0      0x110 ./Drivers/STM32F7xx_HAL_Driver/stm32f7xx_hal_rcc_ex.o
 .debug_frame   0x00000fb0      0x998 ./Drivers/STM32F7xx_HAL_Driver/stm32f7xx_hal_uart.o
 .debug_frame   0x00001948       0x20 /Applications/STM32CubeIDE.app/Contents/Eclipse/plugins/com.st.stm32cube.ide.mcu.externaltools.gnu-tools-for-stm32.14.3.rel1.macos64_1.0.100.202602081740/tools/bin/../lib/gcc/arm-none-eabi/14.3.1/../../../../arm-none-eabi/lib/thumb/v7e-m+dp/hard/libc_nano.a(libc_a-memset.o)
 .debug_frame   0x00001968       0x2c /Applications/STM32CubeIDE.app/Contents/Eclipse/plugins/com.st.stm32cube.ide.mcu.externaltools.gnu-tools-for-stm32.14.3.rel1.macos64_1.0.100.202602081740/tools/bin/../lib/gcc/arm-none-eabi/14.3.1/../../../../arm-none-eabi/lib/thumb/v7e-m+dp/hard/libc_nano.a(libc_a-init.o)
 .debug_frame   0x00001994       0x20 /Applications/STM32CubeIDE.app/Contents/Eclipse/plugins/com.st.stm32cube.ide.mcu.externaltools.gnu-tools-for-stm32.14.3.rel1.macos64_1.0.100.202602081740/tools/bin/../lib/gcc/arm-none-eabi/14.3.1/../../../../arm-none-eabi/lib/thumb/v7e-m+dp/hard/libc_nano.a(libc_a-strlen.o)
 .debug_frame   0x000019b4       0x2c /Applications/STM32CubeIDE.app/Contents/Eclipse/plugins/com.st.stm32cube.ide.mcu.externaltools.gnu-tools-for-stm32.14.3.rel1.macos64_1.0.100.202602081740/tools/bin/../lib/gcc/arm-none-eabi/14.3.1/thumb/v7e-m+dp/hard/libgcc.a(_aeabi_uldivmod.o)
 .debug_frame   0x000019e0       0x34 /Applications/STM32CubeIDE.app/Contents/Eclipse/plugins/com.st.stm32cube.ide.mcu.externaltools.gnu-tools-for-stm32.14.3.rel1.macos64_1.0.100.202602081740/tools/bin/../lib/gcc/arm-none-eabi/14.3.1/thumb/v7e-m+dp/hard/libgcc.a(_udivmoddi4.o)

.debug_line_str
                0x00000000       0x4e
 .debug_line_str
                0x00000000       0x4e ./Core/Startup/startup_stm32f767zitx.o
