Archive member included to satisfy reference by file (symbol)

/Applications/STM32CubeIDE.app/Contents/Eclipse/plugins/com.st.stm32cube.ide.mcu.externaltools.gnu-tools-for-stm32.14.3.rel1.macos64_1.0.100.202602081740/tools/bin/../lib/gcc/arm-none-eabi/14.3.1/../../../../arm-none-eabi/lib/thumb/v7e-m+dp/hard/libc_nano.a(libc_a-exit.o)
                              /Applications/STM32CubeIDE.app/Contents/Eclipse/plugins/com.st.stm32cube.ide.mcu.externaltools.gnu-tools-for-stm32.14.3.rel1.macos64_1.0.100.202602081740/tools/bin/../lib/gcc/arm-none-eabi/14.3.1/../../../../arm-none-eabi/lib/thumb/v7e-m+dp/hard/crt0.o (exit)
/Applications/STM32CubeIDE.app/Contents/Eclipse/plugins/com.st.stm32cube.ide.mcu.externaltools.gnu-tools-for-stm32.14.3.rel1.macos64_1.0.100.202602081740/tools/bin/../lib/gcc/arm-none-eabi/14.3.1/../../../../arm-none-eabi/lib/thumb/v7e-m+dp/hard/libc_nano.a(libc_a-findfp.o)
                              /Applications/STM32CubeIDE.app/Contents/Eclipse/plugins/com.st.stm32cube.ide.mcu.externaltools.gnu-tools-for-stm32.14.3.rel1.macos64_1.0.100.202602081740/tools/bin/../lib/gcc/arm-none-eabi/14.3.1/../../../../arm-none-eabi/lib/thumb/v7e-m+dp/hard/libc_nano.a(libc_a-exit.o) (__stdio_exit_handler)
/Applications/STM32CubeIDE.app/Contents/Eclipse/plugins/com.st.stm32cube.ide.mcu.externaltools.gnu-tools-for-stm32.14.3.rel1.macos64_1.0.100.202602081740/tools/bin/../lib/gcc/arm-none-eabi/14.3.1/../../../../arm-none-eabi/lib/thumb/v7e-m+dp/hard/libc_nano.a(libc_a-fwalk.o)
                              /Applications/STM32CubeIDE.app/Contents/Eclipse/plugins/com.st.stm32cube.ide.mcu.externaltools.gnu-tools-for-stm32.14.3.rel1.macos64_1.0.100.202602081740/tools/bin/../lib/gcc/arm-none-eabi/14.3.1/../../../../arm-none-eabi/lib/thumb/v7e-m+dp/hard/libc_nano.a(libc_a-findfp.o) (_fwalk_sglue)
/Applications/STM32CubeIDE.app/Contents/Eclipse/plugins/com.st.stm32cube.ide.mcu.externaltools.gnu-tools-for-stm32.14.3.rel1.macos64_1.0.100.202602081740/tools/bin/../lib/gcc/arm-none-eabi/14.3.1/../../../../arm-none-eabi/lib/thumb/v7e-m+dp/hard/libc_nano.a(libc_a-memset.o)
                              /Applications/STM32CubeIDE.app/Contents/Eclipse/plugins/com.st.stm32cube.ide.mcu.externaltools.gnu-tools-for-stm32.14.3.rel1.macos64_1.0.100.202602081740/tools/bin/../lib/gcc/arm-none-eabi/14.3.1/../../../../arm-none-eabi/lib/thumb/v7e-m+dp/hard/crt0.o (memset)
/Applications/STM32CubeIDE.app/Contents/Eclipse/plugins/com.st.stm32cube.ide.mcu.externaltools.gnu-tools-for-stm32.14.3.rel1.macos64_1.0.100.202602081740/tools/bin/../lib/gcc/arm-none-eabi/14.3.1/../../../../arm-none-eabi/lib/thumb/v7e-m+dp/hard/libc_nano.a(libc_a-errno.o)
                              ./Core/Src/syscalls.o (__errno)
/Applications/STM32CubeIDE.app/Contents/Eclipse/plugins/com.st.stm32cube.ide.mcu.externaltools.gnu-tools-for-stm32.14.3.rel1.macos64_1.0.100.202602081740/tools/bin/../lib/gcc/arm-none-eabi/14.3.1/../../../../arm-none-eabi/lib/thumb/v7e-m+dp/hard/libc_nano.a(libc_a-init.o)
                              /Applications/STM32CubeIDE.app/Contents/Eclipse/plugins/com.st.stm32cube.ide.mcu.externaltools.gnu-tools-for-stm32.14.3.rel1.macos64_1.0.100.202602081740/tools/bin/../lib/gcc/arm-none-eabi/14.3.1/../../../../arm-none-eabi/lib/thumb/v7e-m+dp/hard/crt0.o (__libc_init_array)
/Applications/STM32CubeIDE.app/Contents/Eclipse/plugins/com.st.stm32cube.ide.mcu.externaltools.gnu-tools-for-stm32.14.3.rel1.macos64_1.0.100.202602081740/tools/bin/../lib/gcc/arm-none-eabi/14.3.1/../../../../arm-none-eabi/lib/thumb/v7e-m+dp/hard/libc_nano.a(libc_a-lock.o)
                              /Applications/STM32CubeIDE.app/Contents/Eclipse/plugins/com.st.stm32cube.ide.mcu.externaltools.gnu-tools-for-stm32.14.3.rel1.macos64_1.0.100.202602081740/tools/bin/../lib/gcc/arm-none-eabi/14.3.1/../../../../arm-none-eabi/lib/thumb/v7e-m+dp/hard/libc_nano.a(libc_a-findfp.o) (__retarget_lock_init_recursive)
/Applications/STM32CubeIDE.app/Contents/Eclipse/plugins/com.st.stm32cube.ide.mcu.externaltools.gnu-tools-for-stm32.14.3.rel1.macos64_1.0.100.202602081740/tools/bin/../lib/gcc/arm-none-eabi/14.3.1/../../../../arm-none-eabi/lib/thumb/v7e-m+dp/hard/libc_nano.a(libc_a-impure.o)
                              /Applications/STM32CubeIDE.app/Contents/Eclipse/plugins/com.st.stm32cube.ide.mcu.externaltools.gnu-tools-for-stm32.14.3.rel1.macos64_1.0.100.202602081740/tools/bin/../lib/gcc/arm-none-eabi/14.3.1/../../../../arm-none-eabi/lib/thumb/v7e-m+dp/hard/libc_nano.a(libc_a-errno.o) (_impure_ptr)
/Applications/STM32CubeIDE.app/Contents/Eclipse/plugins/com.st.stm32cube.ide.mcu.externaltools.gnu-tools-for-stm32.14.3.rel1.macos64_1.0.100.202602081740/tools/bin/../lib/gcc/arm-none-eabi/14.3.1/../../../../arm-none-eabi/lib/thumb/v7e-m+dp/hard/libc_nano.a(libc_a-mallocr.o)
[...]
Memory Configuration

Name             Origin             Length             Attributes
RAM              0x20000000         0x00080000         xrw
FLASH            0x08000000         0x00200000         xr
*default*        0x00000000         0xffffffff

Linker script and memory map

LOAD /Applications/STM32CubeIDE.app/Contents/Eclipse/plugins/com.st.stm32cube.ide.mcu.externaltools.gnu-tools-for-stm32.14.3.rel1.macos64_1.0.100.202602081740/tools/bin/../lib/gcc/arm-none-eabi/14.3.1/thumb/v7e-m+dp/hard/crti.o
LOAD /Applications/STM32CubeIDE.app/Contents/Eclipse/plugins/com.st.stm32cube.ide.mcu.externaltools.gnu-tools-for-stm32.14.3.rel1.macos64_1.0.100.202602081740/tools/bin/../lib/gcc/arm-none-eabi/14.3.1/thumb/v7e-m+dp/hard/crtbegin.o
LOAD /Applications/STM32CubeIDE.app/Contents/Eclipse/plugins/com.st.stm32cube.ide.mcu.externaltools.gnu-tools-for-stm32.14.3.rel1.macos64_1.0.100.202602081740/tools/bin/../lib/gcc/arm-none-eabi/14.3.1/../../../../arm-none-eabi/lib/thumb/v7e-m+dp/hard/crt0.o
LOAD ./Core/Src/gpio.o
LOAD ./Core/Src/main.o
LOAD ./Core/Src/stm32f7xx_hal_msp.o
LOAD ./Core/Src/stm32f7xx_it.o
LOAD ./Core/Src/syscalls.o
LOAD ./Core/Src/sysmem.o
LOAD ./Core/Src/system_stm32f7xx.o
LOAD ./Core/Src/usart.o
LOAD ./Core/Startup/startup_stm32f767zitx.o
LOAD ./Drivers/STM32F7xx_HAL_Driver/Src/stm32f7xx_hal.o
LOAD ./Drivers/STM32F7xx_HAL_Driver/Src/stm32f7xx_hal_cortex.o
LOAD ./Drivers/STM32F7xx_HAL_Driver/Src/stm32f7xx_hal_dma.o
LOAD ./Drivers/STM32F7xx_HAL_Driver/Src/stm32f7xx_hal_dma_ex.o
LOAD ./Drivers/STM32F7xx_HAL_Driver/Src/stm32f7xx_hal_exti.o
LOAD ./Drivers/STM32F7xx_HAL_Driver/Src/stm32f7xx_hal_flash.o
LOAD ./Drivers/STM32F7xx_HAL_Driver/Src/stm32f7xx_hal_flash_ex.o
LOAD ./Drivers/STM32F7xx_HAL_Driver/Src/stm32f7xx_hal_gpio.o
LOAD ./Drivers/STM32F7xx_HAL_Driver/Src/stm32f7xx_hal_i2c.o
LOAD ./Drivers/STM32F7xx_HAL_Driver/Src/stm32f7xx_hal_i2c_ex.o
LOAD ./Drivers/STM32F7xx_HAL_Driver/Src/stm32f7xx_hal_pwr.o
LOAD ./Drivers/STM32F7xx_HAL_Driver/Src/stm32f7xx_hal_pwr_ex.o
LOAD ./Drivers/STM32F7xx_HAL_Driver/Src/stm32f7xx_hal_rcc.o
LOAD ./Drivers/STM32F7xx_HAL_Driver/Src/stm32f7xx_hal_rcc_ex.o
LOAD ./Drivers/STM32F7xx_HAL_Driver/Src/stm32f7xx_hal_uart.o
LOAD ./Drivers/STM32F7xx_HAL_Driver/Src/stm32f7xx_hal_uart_ex.o
START GROUP
LOAD /Applications/STM32CubeIDE.app/Contents/Eclipse/plugins/com.st.stm32cube.ide.mcu.externaltools.gnu-tools-for-stm32.14.3.rel1.macos64_1.0.100.202602081740/tools/bin/../lib/gcc/arm-none-eabi/14.3.1/../../../../arm-none-eabi/lib/thumb/v7e-m+dp/hard/libc_nano.a
LOAD /Applications/STM32CubeIDE.app/Contents/Eclipse/plugins/com.st.stm32cube.ide.mcu.externaltools.gnu-tools-for-stm32.14.3.rel1.macos64_1.0.100.202602081740/tools/bin/../lib/gcc/arm-none-eabi/14.3.1/../../../../arm-none-eabi/lib/thumb/v7e-m+dp/hard/libm.a
END GROUP
START GROUP
LOAD /Applications/STM32CubeIDE.app/Contents/Eclipse/plugins/com.st.stm32cube.ide.mcu.externaltools.gnu-tools-for-stm32.14.3.rel1.macos64_1.0.100.202602081740/tools/bin/../lib/gcc/arm-none-eabi/14.3.1/thumb/v7e-m+dp/hard/libgcc.a
LOAD /Applications/STM32CubeIDE.app/Contents/Eclipse/plugins/com.st.stm32cube.ide.mcu.externaltools.gnu-tools-for-stm32.14.3.rel1.macos64_1.0.100.202602081740/tools/bin/../lib/gcc/arm-none-eabi/14.3.1/../../../../arm-none-eabi/lib/thumb/v7e-m+dp/hard/libc_nano.a
END GROUP
START GROUP
LOAD /Applications/STM32CubeIDE.app/Contents/Eclipse/plugins/com.st.stm32cube.ide.mcu.externaltools.gnu-tools-for-stm32.14.3.rel1.macos64_1.0.100.202602081740/tools/bin/../lib/gcc/arm-none-eabi/14.3.1/thumb/v7e-m+dp/hard/libgcc.a
LOAD /Applications/STM32CubeIDE.app/Contents/Eclipse/plugins/com.st.stm32cube.ide.mcu.externaltools.gnu-tools-for-stm32.14.3.rel1.macos64_1.0.100.202602081740/tools/bin/../lib/gcc/arm-none-eabi/14.3.1/../../../../arm-none-eabi/lib/thumb/v7e-m+dp/hard/libc_nano.a
LOAD /Applications/STM32CubeIDE.app/Contents/Eclipse/plugins/com.st.stm32cube.ide.mcu.externaltools.gnu-tools-for-stm32.14.3.rel1.macos64_1.0.100.202602081740/tools/bin/../lib/gcc/arm-none-eabi/14.3.1/../../../../arm-none-eabi/lib/thumb/v7e-m+dp/hard/libnosys.a
END GROUP
START GROUP
LOAD /Applications/STM32CubeIDE.app/Contents/Eclipse/plugins/com.st.stm32cube.ide.mcu.externaltools.gnu-tools-for-stm32.14.3.rel1.macos64_1.0.100.202602081740/tools/bin/../lib/gcc/arm-none-eabi/14.3.1/thumb/v7e-m+dp/hard/libgcc.a
LOAD /Applications/STM32CubeIDE.app/Contents/Eclipse/plugins/com.st.stm32cube.ide.mcu.externaltools.gnu-tools-for-stm32.14.3.rel1.macos64_1.0.100.202602081740/tools/bin/../lib/gcc/arm-none-eabi/14.3.1/../../../../arm-none-eabi/lib/thumb/v7e-m+dp/hard/libc_nano.a
LOAD /Applications/STM32CubeIDE.app/Contents/Eclipse/plugins/com.st.stm32cube.ide.mcu.externaltools.gnu-tools-for-stm32.14.3.rel1.macos64_1.0.100.202602081740/tools/bin/../lib/gcc/arm-none-eabi/14.3.1/../../../../arm-none-eabi/lib/thumb/v7e-m+dp/hard/libnosys.a
END GROUP
LOAD /Applications/STM32CubeIDE.app/Contents/Eclipse/plugins/com.st.stm32cube.ide.mcu.externaltools.gnu-tools-for-stm32.14.3.rel1.macos64_1.0.100.202602081740/tools/bin/../lib/gcc/arm-none-eabi/14.3.1/thumb/v7e-m+dp/hard/crtend.o
LOAD /Applications/STM32CubeIDE.app/Contents/Eclipse/plugins/com.st.stm32cube.ide.mcu.externaltools.gnu-tools-for-stm32.14.3.rel1.macos64_1.0.100.202602081740/tools/bin/../lib/gcc/arm-none-eabi/14.3.1/thumb/v7e-m+dp/hard/crtn.o
                0x20080000                        _estack = (ORIGIN (RAM) + LENGTH (RAM))
                0x00000200                        _Min_Heap_Size = 0x200
                0x00000400                        _Min_Stack_Size = 0x400

.isr_vector     0x08000000      0x1f8
                0x08000000                        . = ALIGN (0x4)
 *(.isr_vector)
 .isr_vector    0x08000000      0x1f8 ./Core/Startup/startup_stm32f767zitx.o
                0x08000000                g_pfnVectors
                0x080001f8                        . = ALIGN (0x4)

.text           0x080001f8     0x2ddc
                0x080001f8                        . = ALIGN (0x4)
 *(.text)
 .text          0x080001f8       0x40 /Applications/STM32CubeIDE.app/Contents/Eclipse/plugins/com.st.stm32cube.ide.mcu.externaltools.gnu-tools-for-stm32.14.3.rel1.macos64_1.0.100.202602081740/tools/bin/../lib/gcc/arm-none-eabi/14.3.1/thumb/v7e-m+dp/hard/crtbegin.o
 .text          0x08000238       0x30 /Applications/STM32CubeIDE.app/Contents/Eclipse/plugins/com.st.stm32cube.ide.mcu.externaltools.gnu-tools-for-stm32.14.3.rel1.macos64_1.0.100.202602081740/tools/bin/../lib/gcc/arm-none-eabi/14.3.1/thumb/v7e-m+dp/hard/libgcc.a(_aeabi_uldivmod.o)
                0x08000238                __aeabi_uldivmod
 .text          0x08000268      0x2f8 /Applications/STM32CubeIDE.app/Contents/Eclipse/plugins/com.st.stm32cube.ide.mcu.externaltools.gnu-tools-for-stm32.14.3.rel1.macos64_1.0.100.202602081740/tools/bin/../lib/gcc/arm-none-eabi/14.3.1/thumb/v7e-m+dp/hard/libgcc.a(_udivmoddi4.o)
                0x08000268                __udivmoddi4
 .text          0x08000560        0x4 /Applications/STM32CubeIDE.app/Contents/Eclipse/plugins/com.st.stm32cube.ide.mcu.externaltools.gnu-tools-for-stm32.14.3.rel1.macos64_1.0.100.202602081740/tools/bin/../lib/gcc/arm-none-eabi/14.3.1/thumb/v7e-m+dp/hard/libgcc.a(_dvmd_tls.o)
                0x08000560                __aeabi_ldiv0
                0x08000560                __aeabi_idiv0
 *(.text*)
 .text.MX_GPIO_Init
                0x08000564      0x120 ./Core/Src/gpio.o
                0x08000564                MX_GPIO_Init
 .text.main     0x08000684       0x38 ./Core/Src/main.o
                0x08000684                main
 .text.SystemClock_Config
                0x080006bc       0xb8 ./Core/Src/main.o
                0x080006bc                SystemClock_Config
 .text.HAL_GPIO_EXTI_Callback
                0x08000774       0xf8 ./Core/Src/main.o
                0x08000774                HAL_GPIO_EXTI_Callback
 .text.MPU_Config
                0x0800086c       0x58 ./Core/Src/main.o
 .text.Error_Handler
                0x080008c4        0xc ./Core/Src/main.o
                0x080008c4                Error_Handler
 .text.HAL_MspInit
                0x080008d0       0x48 ./Core/Src/stm32f7xx_hal_msp.o
                0x080008d0                HAL_MspInit
 .text.NMI_Handler
                0x08000918        0x8 ./Core/Src/stm32f7xx_it.o
                0x08000918                NMI_Handler
 .text.HardFault_Handler
                0x08000920        0x8 ./Core/Src/stm32f7xx_it.o
                0x08000920                HardFault_Handler
 .text.MemManage_Handler
                0x08000928        0x8 ./Core/Src/stm32f7xx_it.o
                0x08000928                MemManage_Handler
 .text.BusFault_Handler
                0x08000930        0x8 ./Core/Src/stm32f7xx_it.o
                0x08000930                BusFault_Handler
 .text.UsageFault_Handler
                0x08000938        0x8 ./Core/Src/stm32f7xx_it.o
                0x08000938                UsageFault_Handler
 .text.SVC_Handler
                0x08000940        0xe ./Core/Src/stm32f7xx_it.o
                0x08000940                SVC_Handler
 .text.DebugMon_Handler
                0x0800094e        0xe ./Core/Src/stm32f7xx_it.o
                0x0800094e                DebugMon_Handler
 .text.PendSV_Handler
                0x0800095c        0xe ./Core/Src/stm32f7xx_it.o
                0x0800095c                PendSV_Handler
 .text.SysTick_Handler
                0x0800096a        0xc ./Core/Src/stm32f7xx_it.o
                0x0800096a                SysTick_Handler
 .text.EXTI0_IRQHandler
                0x08000976        0xe ./Core/Src/stm32f7xx_it.o
                0x08000976                EXTI0_IRQHandler
 .text.EXTI3_IRQHandler
                0x08000984        0xe ./Core/Src/stm32f7xx_it.o
                0x08000984                EXTI3_IRQHandler
 .text.EXTI15_10_IRQHandler
                0x08000992       0x10 ./Core/Src/stm32f7xx_it.o
                0x08000992                EXTI15_10_IRQHandler
 *fill*         0x080009a2        0x2 
 .text.SystemInit
                0x080009a4       0x24 ./Core/Src/system_stm32f7xx.o
                0x080009a4                SystemInit
 .text.MX_USART3_UART_Init
                0x080009c8       0x60 ./Core/Src/usart.o
                0x080009c8                MX_USART3_UART_Init
 .text.HAL_UART_MspInit
                0x08000a28       0xc0 ./Core/Src/usart.o
                0x08000a28                HAL_UART_MspInit
 .text.Reset_Handler
                0x08000ae8       0x50 ./Core/Startup/startup_stm32f767zitx.o
                0x08000ae8                Reset_Handler
 .text.Default_Handler
                0x08000b38        0x2 ./Core/Startup/startup_stm32f767zitx.o
                0x08000b38                DMA1_Stream3_IRQHandler
                0x08000b38                EXTI2_IRQHandler
                0x08000b38                TIM8_CC_IRQHandler
                0x08000b38                UART8_IRQHandler
                0x08000b38                SPI4_IRQHandler
                0x08000b38                TIM1_CC_IRQHandler
                0x08000b38                DMA2_Stream5_IRQHandler
                0x08000b38                JPEG_IRQHandler
                0x08000b38                DMA1_Stream5_IRQHandler
                0x08000b38                CAN3_RX1_IRQHandler
                0x08000b38                PVD_IRQHandler
                0x08000b38                TAMP_STAMP_IRQHandler
                0x08000b38                CAN2_RX1_IRQHandler
                0x08000b38                TIM8_TRG_COM_TIM14_IRQHandler
                0x08000b38                DFSDM1_FLT1_IRQHandler
                0x08000b38                TIM1_UP_TIM10_IRQHandler
                0x08000b38                TIM8_UP_TIM13_IRQHandler
                0x08000b38                I2C3_ER_IRQHandler
                0x08000b38                DFSDM1_FLT2_IRQHandler
                0x08000b38                I2C2_EV_IRQHandler
                0x08000b38                DMA1_Stream2_IRQHandler
                0x08000b38                CAN1_RX0_IRQHandler
                0x08000b38                FPU_IRQHandler
                0x08000b38                OTG_HS_WKUP_IRQHandler
                0x08000b38                CAN3_SCE_IRQHandler
                0x08000b38                LTDC_ER_IRQHandler
                0x08000b38                CAN2_SCE_IRQHandler
                0x08000b38                DMA2_Stream2_IRQHandler
                0x08000b38                SPI1_IRQHandler
                0x08000b38                TIM6_DAC_IRQHandler
                0x08000b38                TIM1_BRK_TIM9_IRQHandler
                0x08000b38                DCMI_IRQHandler
                0x08000b38                CAN2_RX0_IRQHandler
                0x08000b38                DMA2_Stream3_IRQHandler
                0x08000b38                SAI2_IRQHandler
                0x08000b38                DFSDM1_FLT3_IRQHandler
                0x08000b38                USART6_IRQHandler
                0x08000b38                CAN3_RX0_IRQHandler
                0x08000b38                USART3_IRQHandler
                0x08000b38                CAN1_RX1_IRQHandler
                0x08000b38                UART5_IRQHandler
                0x08000b38                DMA2_Stream0_IRQHandler
                0x08000b38                TIM4_IRQHandler
                0x08000b38                QUADSPI_IRQHandler
                0x08000b38                I2C1_EV_IRQHandler
                0x08000b38                DMA1_Stream6_IRQHandler
                0x08000b38                DMA1_Stream1_IRQHandler
                0x08000b38                UART4_IRQHandler
                0x08000b38                TIM3_IRQHandler
                0x08000b38                RCC_IRQHandler
                0x08000b38                TIM8_BRK_TIM12_IRQHandler
                0x08000b38                Default_Handler
                0x08000b38                CEC_IRQHandler
                0x08000b38                ADC_IRQHandler
                0x08000b38                DMA1_Stream7_IRQHandler
                0x08000b38                SPI5_IRQHandler
                0x08000b38                TIM7_IRQHandler
                0x08000b38                SDMMC1_IRQHandler
                0x08000b38                CAN2_TX_IRQHandler
                0x08000b38                TIM5_IRQHandler
                0x08000b38                DMA2_Stream7_IRQHandler
                0x08000b38                I2C3_EV_IRQHandler
                0x08000b38                EXTI9_5_IRQHandler
                0x08000b38                RTC_WKUP_IRQHandler
                0x08000b38                LTDC_IRQHandler
                0x08000b38                ETH_WKUP_IRQHandler
                0x08000b38                SPDIF_RX_IRQHandler
                0x08000b38                SPI2_IRQHandler
                0x08000b38                OTG_HS_EP1_IN_IRQHandler
                0x08000b38                DMA1_Stream0_IRQHandler
                0x08000b38                CAN1_TX_IRQHandler
                0x08000b38                EXTI4_IRQHandler
                0x08000b38                RNG_IRQHandler
                0x08000b38                ETH_IRQHandler
                0x08000b38                OTG_HS_EP1_OUT_IRQHandler
                0x08000b38                WWDG_IRQHandler
                0x08000b38                SPI6_IRQHandler
                0x08000b38                MDIOS_IRQHandler
                0x08000b38                I2C4_EV_IRQHandler
                0x08000b38                CAN3_TX_IRQHandler
                0x08000b38                TIM2_IRQHandler
                0x08000b38                OTG_FS_WKUP_IRQHandler
                0x08000b38                TIM1_TRG_COM_TIM11_IRQHandler
                0x08000b38                OTG_HS_IRQHandler
                0x08000b38                DMA2D_IRQHandler
                0x08000b38                EXTI1_IRQHandler
                0x08000b38                SDMMC2_IRQHandler
                0x08000b38                UART7_IRQHandler
                0x08000b38                USART2_IRQHandler
                0x08000b38                DFSDM1_FLT0_IRQHandler
                0x08000b38                I2C2_ER_IRQHandler
                0x08000b38                DMA2_Stream1_IRQHandler
                0x08000b38                CAN1_SCE_IRQHandler
                0x08000b38                FLASH_IRQHandler
                0x08000b38                DMA2_Stream4_IRQHandler
                0x08000b38                USART1_IRQHandler
                0x08000b38                OTG_FS_IRQHandler
                0x08000b38                SPI3_IRQHandler
                0x08000b38                DMA1_Stream4_IRQHandler
                0x08000b38                I2C1_ER_IRQHandler
                0x08000b38                FMC_IRQHandler
                0x08000b38                LPTIM1_IRQHandler
                0x08000b38                I2C4_ER_IRQHandler
                0x08000b38                DMA2_Stream6_IRQHandler
                0x08000b38                SAI1_IRQHandler
                0x08000b38                RTC_Alarm_IRQHandler
 .text.HAL_Init
                0x08000b3a       0x1a ./Drivers/STM32F7xx_HAL_Driver/Src/stm32f7xx_hal.o
                0x08000b3a                HAL_Init
 .text.HAL_InitTick
                0x08000b54       0x60 ./Drivers/STM32F7xx_HAL_Driver/Src/stm32f7xx_hal.o
                0x08000b54                HAL_InitTick
 .text.HAL_IncTick
                0x08000bb4       0x28 ./Drivers/STM32F7xx_HAL_Driver/Src/stm32f7xx_hal.o
                0x08000bb4                HAL_IncTick
 .text.HAL_GetTick
                0x08000bdc       0x18 ./Drivers/STM32F7xx_HAL_Driver/Src/stm32f7xx_hal.o
                0x08000bdc                HAL_GetTick
 .text.HAL_Delay
                0x08000bf4       0x48 ./Drivers/STM32F7xx_HAL_Driver/Src/stm32f7xx_hal.o
                0x08000bf4                HAL_Delay
 .text.__NVIC_SetPriorityGrouping
                0x08000c3c       0x48 ./Drivers/STM32F7xx_HAL_Driver/Src/stm32f7xx_hal_cortex.o
 .text.__NVIC_GetPriorityGrouping
                0x08000c84       0x1c ./Drivers/STM32F7xx_HAL_Driver/Src/stm32f7xx_hal_cortex.o
 .text.__NVIC_EnableIRQ
                0x08000ca0       0x3c ./Drivers/STM32F7xx_HAL_Driver/Src/stm32f7xx_hal_cortex.o
 .text.__NVIC_SetPriority
                0x08000cdc       0x54 ./Drivers/STM32F7xx_HAL_Driver/Src/stm32f7xx_hal_cortex.o
 .text.NVIC_EncodePriority
                0x08000d30       0x66 ./Drivers/STM32F7xx_HAL_Driver/Src/stm32f7xx_hal_cortex.o
 *fill*         0x08000d96        0x2 
 .text.SysTick_Config
                0x08000d98       0x44 ./Drivers/STM32F7xx_HAL_Driver/Src/stm32f7xx_hal_cortex.o
 .text.HAL_NVIC_SetPriorityGrouping
                0x08000ddc       0x16 ./Drivers/STM32F7xx_HAL_Driver/Src/stm32f7xx_hal_cortex.o
                0x08000ddc                HAL_NVIC_SetPriorityGrouping
 .text.HAL_NVIC_SetPriority
                0x08000df2       0x38 ./Drivers/STM32F7xx_HAL_Driver/Src/stm32f7xx_hal_cortex.o
                0x08000df2                HAL_NVIC_SetPriority
 .text.HAL_NVIC_EnableIRQ
                0x08000e2a       0x1c ./Drivers/STM32F7xx_HAL_Driver/Src/stm32f7xx_hal_cortex.o
                0x08000e2a                HAL_NVIC_EnableIRQ
 .text.HAL_SYSTICK_Config
                0x08000e46       0x18 ./Drivers/STM32F7xx_HAL_Driver/Src/stm32f7xx_hal_cortex.o
                0x08000e46                HAL_SYSTICK_Config
 *fill*         0x08000e5e        0x2 
 .text.HAL_MPU_Disable
                0x08000e60       0x30 ./Drivers/STM32F7xx_HAL_Driver/Src/stm32f7xx_hal_cortex.o
                0x08000e60                HAL_MPU_Disable
 .text.HAL_MPU_Enable
                0x08000e90       0x40 ./Drivers/STM32F7xx_HAL_Driver/Src/stm32f7xx_hal_cortex.o
                0x08000e90                HAL_MPU_Enable
 .text.HAL_MPU_ConfigRegion
                0x08000ed0       0x80 ./Drivers/STM32F7xx_HAL_Driver/Src/stm32f7xx_hal_cortex.o
                0x08000ed0                HAL_MPU_ConfigRegion
 .text.HAL_GPIO_Init
                0x08000f50      0x358 ./Drivers/STM32F7xx_HAL_Driver/Src/stm32f7xx_hal_gpio.o
                0x08000f50                HAL_GPIO_Init
 .text.HAL_GPIO_WritePin
                0x080012a8       0x32 ./Drivers/STM32F7xx_HAL_Driver/Src/stm32f7xx_hal_gpio.o
                0x080012a8                HAL_GPIO_WritePin
 .text.HAL_GPIO_TogglePin
                0x080012da       0x34 ./Drivers/STM32F7xx_HAL_Driver/Src/stm32f7xx_hal_gpio.o
                0x080012da                HAL_GPIO_TogglePin
 *fill*         0x0800130e        0x2 
 .text.HAL_GPIO_EXTI_IRQHandler
                0x08001310       0x30 ./Drivers/STM32F7xx_HAL_Driver/Src/stm32f7xx_hal_gpio.o
                0x08001310                HAL_GPIO_EXTI_IRQHandler
 .text.HAL_RCC_OscConfig
                0x08001340      0x55c ./Drivers/STM32F7xx_HAL_Driver/Src/stm32f7xx_hal_rcc.o
                0x08001340                HAL_RCC_OscConfig
 .text.HAL_RCC_ClockConfig
                0x0800189c      0x1d8 ./Drivers/STM32F7xx_HAL_Driver/Src/stm32f7xx_hal_rcc.o
                0x0800189c                HAL_RCC_ClockConfig
 .text.HAL_RCC_GetSysClockFreq
                0x08001a74      0x188 ./Drivers/STM32F7xx_HAL_Driver/Src/stm32f7xx_hal_rcc.o
                0x08001a74                HAL_RCC_GetSysClockFreq
 .text.HAL_RCC_GetHCLKFreq
                0x08001bfc       0x18 ./Drivers/STM32F7xx_HAL_Driver/Src/stm32f7xx_hal_rcc.o
                0x08001bfc                HAL_RCC_GetHCLKFreq
 .text.HAL_RCC_GetPCLK1Freq
                0x08001c14       0x28 ./Drivers/STM32F7xx_HAL_Driver/Src/stm32f7xx_hal_rcc.o
                0x08001c14                HAL_RCC_GetPCLK1Freq
 .text.HAL_RCC_GetPCLK2Freq
                0x08001c3c       0x28 ./Drivers/STM32F7xx_HAL_Driver/Src/stm32f7xx_hal_rcc.o
                0x08001c3c                HAL_RCC_GetPCLK2Freq
 .text.HAL_RCCEx_PeriphCLKConfig
                0x08001c64      0x850 ./Drivers/STM32F7xx_HAL_Driver/Src/stm32f7xx_hal_rcc_ex.o
                0x08001c64                HAL_RCCEx_PeriphCLKConfig
 .text.HAL_UART_Init
                0x080024b4       0x9c ./Drivers/STM32F7xx_HAL_Driver/Src/stm32f7xx_hal_uart.o
                0x080024b4                HAL_UART_Init
 .text.HAL_UART_Transmit
                0x08002550      0x112 ./Drivers/STM32F7xx_HAL_Driver/Src/stm32f7xx_hal_uart.o
                0x08002550                HAL_UART_Transmit
 *fill*         0x08002662        0x2 
 .text.UART_SetConfig
                0x08002664      0x4c8 ./Drivers/STM32F7xx_HAL_Driver/Src/stm32f7xx_hal_uart.o
                0x08002664                UART_SetConfig
 .text.UART_AdvFeatureConfig
                0x08002b2c      0x144 ./Drivers/STM32F7xx_HAL_Driver/Src/stm32f7xx_hal_uart.o
                0x08002b2c                UART_AdvFeatureConfig
 .text.UART_CheckIdleState
                0x08002c70      0x150 ./Drivers/STM32F7xx_HAL_Driver/Src/stm32f7xx_hal_uart.o
                0x08002c70                UART_CheckIdleState
 .text.UART_WaitOnFlagUntilTimeout
                0x08002dc0       0xda ./Drivers/STM32F7xx_HAL_Driver/Src/stm32f7xx_hal_uart.o
                0x08002dc0                UART_WaitOnFlagUntilTimeout
 .text.UART_EndRxTransfer
                0x08002e9a       0xc8 ./Drivers/STM32F7xx_HAL_Driver/Src/stm32f7xx_hal_uart.o
 .text.memset   0x08002f62       0x10 /Applications/STM32CubeIDE.app/Contents/Eclipse/plugins/com.st.stm32cube.ide.mcu.externaltools.gnu-tools-for-stm32.14.3.rel1.macos64_1.0.100.202602081740/tools/bin/../lib/gcc/arm-none-eabi/14.3.1/../../../../arm-none-eabi/lib/thumb/v7e-m+dp/hard/libc_nano.a(libc_a-memset.o)
                0x08002f62                memset
 *fill*         0x08002f72        0x2 
 .text.__libc_init_array
                0x08002f74       0x48 /Applications/STM32CubeIDE.app/Contents/Eclipse/plugins/com.st.stm32cube.ide.mcu.externaltools.gnu-tools-for-stm32.14.3.rel1.macos64_1.0.100.202602081740/tools/bin/../lib/gcc/arm-none-eabi/14.3.1/../../../../arm-none-eabi/lib/thumb/v7e-m+dp/hard/libc_nano.a(libc_a-init.o)
                0x08002f74                __libc_init_array
 *(.glue_7)
 .glue_7        0x08002fbc        0x0 linker stubs
 *(.glue_7t)
 .glue_7t       0x08002fbc        0x0 linker stubs
 *(.eh_frame)
 .eh_frame      0x08002fbc        0x0 /Applications/STM32CubeIDE.app/Contents/Eclipse/plugins/com.st.stm32cube.ide.mcu.externaltools.gnu-tools-for-stm32.14.3.rel1.macos64_1.0.100.202602081740/tools/bin/../lib/gcc/arm-none-eabi/14.3.1/thumb/v7e-m+dp/hard/crtbegin.o
 *(.init)
 .init          0x08002fbc        0x4 /Applications/STM32CubeIDE.app/Contents/Eclipse/plugins/com.st.stm32cube.ide.mcu.externaltools.gnu-tools-for-stm32.14.3.rel1.macos64_1.0.100.202602081740/tools/bin/../lib/gcc/arm-none-eabi/14.3.1/thumb/v7e-m+dp/hard/crti.o
                0x08002fbc                _init
 .init          0x08002fc0        0x8 /Applications/STM32CubeIDE.app/Contents/Eclipse/plugins/com.st.stm32cube.ide.mcu.externaltools.gnu-tools-for-stm32.14.3.rel1.macos64_1.0.100.202602081740/tools/bin/../lib/gcc/arm-none-eabi/14.3.1/thumb/v7e-m+dp/hard/crtn.o
 *(.fini)
 .fini          0x08002fc8        0x4 /Applications/STM32CubeIDE.app/Contents/Eclipse/plugins/com.st.stm32cube.ide.mcu.externaltools.gnu-tools-for-stm32.14.3.rel1.macos64_1.0.100.202602081740/tools/bin/../lib/gcc/arm-none-eabi/14.3.1/thumb/v7e-m+dp/hard/crti.o
                0x08002fc8                _fini
 .fini          0x08002fcc        0x8 /Applications/STM32CubeIDE.app/Contents/Eclipse/plugins/com.st.stm32cube.ide.mcu.externaltools.gnu-tools-for-stm32.14.3.rel1.macos64_1.0.100.202602081740/tools/bin/../lib/gcc/arm-none-eabi/14.3.1/thumb/v7e-m+dp/hard/crtn.o
                0x08002fd4                        . = ALIGN (0x4)
                0x08002fd4                        _etext = .

.vfp11_veneer   0x08002fd4        0x0
 .vfp11_veneer  0x08002fd4        0x0 linker stubs

.v4_bx          0x08002fd4        0x0
 .v4_bx         0x08002fd4        0x0 linker stubs

.iplt           0x08002fd4        0x0
 .iplt          0x08002fd4        0x0 /Applications/STM32CubeIDE.app/Contents/Eclipse/plugins/com.st.stm32cube.ide.mcu.externaltools.gnu-tools-for-stm32.14.3.rel1.macos64_1.0.100.202602081740/tools/bin/../lib/gcc/arm-none-eabi/14.3.1/thumb/v7e-m+dp/hard/crtbegin.o

.rodata         0x08002fd4       0x2c
                0x08002fd4                        . = ALIGN (0x4)
 *(.rodata)
 .rodata        0x08002fd4       0x12 ./Core/Src/main.o
 *(.rodata*)
 *fill*         0x08002fe6        0x2 
 .rodata.AHBPrescTable
                0x08002fe8       0x10 ./Core/Src/system_stm32f7xx.o
                0x08002fe8                AHBPrescTable
 .rodata.APBPrescTable
                0x08002ff8        0x8 ./Core/Src/system_stm32f7xx.o
                0x08002ff8                APBPrescTable
                0x08003000                        . = ALIGN (0x4)

.ARM.extab      0x08003000        0x0
                0x08003000                        . = ALIGN (0x4)
 *(.ARM.extab* .gnu.linkonce.armextab.*)
                0x08003000                        . = ALIGN (0x4)

.ARM            0x08003000        0x8
                0x08003000                        . = ALIGN (0x4)
                0x08003000                        __exidx_start = .
 *(.ARM.exidx*)
 .ARM.exidx     0x08003000        0x8 /Applications/STM32CubeIDE.app/Contents/Eclipse/plugins/com.st.stm32cube.ide.mcu.externaltools.gnu-tools-for-stm32.14.3.rel1.macos64_1.0.100.202602081740/tools/bin/../lib/gcc/arm-none-eabi/14.3.1/thumb/v7e-m+dp/hard/libgcc.a(_udivmoddi4.o)
                0x08003008                        __exidx_end = .
                0x08003008                        . = ALIGN (0x4)

.preinit_array  0x08003008        0x0
                0x08003008                        . = ALIGN (0x4)
                0x08003008                        PROVIDE (__preinit_array_start = .)
 *(.preinit_array*)
                0x08003008                        PROVIDE (__preinit_array_end = .)
                0x08003008                        . = ALIGN (0x4)

.init_array     0x08003008        0x4
                0x08003008                        . = ALIGN (0x4)
                0x08003008                        PROVIDE (__init_array_start = .)
 *(SORT_BY_NAME(.init_array.*))
 *(.init_array*)
 .init_array    0x08003008        0x4 /Applications/STM32CubeIDE.app/Contents/Eclipse/plugins/com.st.stm32cube.ide.mcu.externaltools.gnu-tools-for-stm32.14.3.rel1.macos64_1.0.100.202602081740/tools/bin/../lib/gcc/arm-none-eabi/14.3.1/thumb/v7e-m+dp/hard/crtbegin.o
                0x0800300c                        PROVIDE (__init_array_end = .)
                0x0800300c                        . = ALIGN (0x4)

.fini_array     0x0800300c        0x4
                0x0800300c                        . = ALIGN (0x4)
                [!provide]                        PROVIDE (__fini_array_start = .)
 *(SORT_BY_NAME(.fini_array.*))
 *(.fini_array*)
 .fini_array    0x0800300c        0x4 /Applications/STM32CubeIDE.app/Contents/Eclipse/plugins/com.st.stm32cube.ide.mcu.externaltools.gnu-tools-for-stm32.14.3.rel1.macos64_1.0.100.202602081740/tools/bin/../lib/gcc/arm-none-eabi/14.3.1/thumb/v7e-m+dp/hard/crtbegin.o
                [!provide]                        PROVIDE (__fini_array_end = .)
                0x08003010                        . = ALIGN (0x4)
                0x08003010                        _sidata = LOADADDR (.data)

.rel.dyn        0x08003010        0x0
 .rel.iplt      0x08003010        0x0 /Applications/STM32CubeIDE.app/Contents/Eclipse/plugins/com.st.stm32cube.ide.mcu.externaltools.gnu-tools-for-stm32.14.3.rel1.macos64_1.0.100.202602081740/tools/bin/../lib/gcc/arm-none-eabi/14.3.1/thumb/v7e-m+dp/hard/crtbegin.o

.data           0x20000000        0xc load address 0x08003010
                0x20000000                        . = ALIGN (0x4)
                0x20000000                        _sdata = .
 *(.data)
 *(.data*)
 .data.SystemCoreClock
                0x20000000        0x4 ./Core/Src/system_stm32f7xx.o
                0x20000000                SystemCoreClock
 .data.uwTickPrio
                0x20000004        0x4 ./Drivers/STM32F7xx_HAL_Driver/Src/stm32f7xx_hal.o
                0x20000004                uwTickPrio
 .data.uwTickFreq
                0x20000008        0x1 ./Drivers/STM32F7xx_HAL_Driver/Src/stm32f7xx_hal.o
                0x20000008                uwTickFreq
 *(.RamFunc)
 *(.RamFunc*)
                0x2000000c                        . = ALIGN (0x4)
 *fill*         0x20000009        0x3 
                0x2000000c                        _edata = .

.igot.plt       0x2000000c        0x0 load address 0x0800301c
 .igot.plt      0x2000000c        0x0 /Applications/STM32CubeIDE.app/Contents/Eclipse/plugins/com.st.stm32cube.ide.mcu.externaltools.gnu-tools-for-stm32.14.3.rel1.macos64_1.0.100.202602081740/tools/bin/../lib/gcc/arm-none-eabi/14.3.1/thumb/v7e-m+dp/hard/crtbegin.o
                0x2000000c                        . = ALIGN (0x4)

.bss            0x2000000c       0xa8 load address 0x0800301c
                0x2000000c                        _sbss = .
                0x2000000c                        __bss_start__ = _sbss
 *(.bss)
 .bss           0x2000000c       0x1c /Applications/STM32CubeIDE.app/Contents/Eclipse/plugins/com.st.stm32cube.ide.mcu.externaltools.gnu-tools-for-stm32.14.3.rel1.macos64_1.0.100.202602081740/tools/bin/../lib/gcc/arm-none-eabi/14.3.1/thumb/v7e-m+dp/hard/crtbegin.o
 *(.bss*)
 .bss.huart3    0x20000028       0x88 ./Core/Src/usart.o
                0x20000028                huart3
 .bss.uwTick    0x200000b0        0x4 ./Drivers/STM32F7xx_HAL_Driver/Src/stm32f7xx_hal.o
                0x200000b0                uwTick
 *(COMMON)
                0x200000b4                        . = ALIGN (0x4)
                0x200000b4                        _ebss = .
                0x200000b4                        __bss_end__ = _ebss

._user_heap_stack
                0x200000b4      0x604 load address 0x0800301c
                0x200000b8                        . = ALIGN (0x8)
 *fill*         0x200000b4        0x4 
                [!provide]                        PROVIDE (end = .)
                0x200000b8                        PROVIDE (_end = .)
                0x200002b8                        . = (. + _Min_Heap_Size)
 *fill*         0x200000b8      0x200 
                0x200006b8                        . = (. + _Min_Stack_Size)
 *fill*         0x200002b8      0x400 
                0x200006b8                        . = ALIGN (0x8)

/DISCARD/
 libc.a(*)
 libm.a(*)
 libgcc.a(*)

.ARM.attributes
                0x00000000       0x2e
 *(.ARM.attributes)
 .ARM.attributes
                0x00000000       0x20 /Applications/STM32CubeIDE.app/Contents/Eclipse/plugins/com.st.stm32cube.ide.mcu.externaltools.gnu-tools-for-stm32.14.3.rel1.macos64_1.0.100.202602081740/tools/bin/../lib/gcc/arm-none-eabi/14.3.1/thumb/v7e-m+dp/hard/crti.o
 .ARM.attributes
                0x00000020       0x32 /Applications/STM32CubeIDE.app/Contents/Eclipse/plugins/com.st.stm32cube.ide.mcu.externaltools.gnu-tools-for-stm32.14.3.rel1.macos64_1.0.100.202602081740/tools/bin/../lib/gcc/arm-none-eabi/14.3.1/thumb/v7e-m+dp/hard/crtbegin.o
 .ARM.attributes
                0x00000052       0x32 ./Core/Src/gpio.o
 .ARM.attributes
                0x00000084       0x32 ./Core/Src/main.o
 .ARM.attributes
                0x000000b6       0x32 ./Core/Src/stm32f7xx_hal_msp.o
 .ARM.attributes
                0x000000e8       0x32 ./Core/Src/stm32f7xx_it.o
 .ARM.attributes
                0x0000011a       0x32 ./Core/Src/system_stm32f7xx.o
 .ARM.attributes
                0x0000014c       0x32 ./Core/Src/usart.o
 .ARM.attributes
                0x0000017e       0x21 ./Core/Startup/startup_stm32f767zitx.o
 .ARM.attributes
                0x0000019f       0x32 ./Drivers/STM32F7xx_HAL_Driver/Src/stm32f7xx_hal.o
 .ARM.attributes
                0x000001d1       0x32 ./Drivers/STM32F7xx_HAL_Driver/Src/stm32f7xx_hal_cortex.o
 .ARM.attributes
                0x00000203       0x32 ./Drivers/STM32F7xx_HAL_Driver/Src/stm32f7xx_hal_gpio.o
 .ARM.attributes
                0x00000235       0x32 ./Drivers/STM32F7xx_HAL_Driver/Src/stm32f7xx_hal_rcc.o
 .ARM.attributes
                0x00000267       0x32 ./Drivers/STM32F7xx_HAL_Driver/Src/stm32f7xx_hal_rcc_ex.o
 .ARM.attributes
                0x00000299       0x32 ./Drivers/STM32F7xx_HAL_Driver/Src/stm32f7xx_hal_uart.o
 .ARM.attributes
                0x000002cb       0x32 /Applications/STM32CubeIDE.app/Contents/Eclipse/plugins/com.st.stm32cube.ide.mcu.externaltools.gnu-tools-for-stm32.14.3.rel1.macos64_1.0.100.202602081740/tools/bin/../lib/gcc/arm-none-eabi/14.3.1/../../../../arm-none-eabi/lib/thumb/v7e-m+dp/hard/libc_nano.a(libc_a-memset.o)
 .ARM.attributes
                0x000002fd       0x32 /Applications/STM32CubeIDE.app/Contents/Eclipse/plugins/com.st.stm32cube.ide.mcu.externaltools.gnu-tools-for-stm32.14.3.rel1.macos64_1.0.100.202602081740/tools/bin/../lib/gcc/arm-none-eabi/14.3.1/../../../../arm-none-eabi/lib/thumb/v7e-m+dp/hard/libc_nano.a(libc_a-init.o)
 .ARM.attributes
                0x0000032f       0x20 /Applications/STM32CubeIDE.app/Contents/Eclipse/plugins/com.st.stm32cube.ide.mcu.externaltools.gnu-tools-for-stm32.14.3.rel1.macos64_1.0.100.202602081740/tools/bin/../lib/gcc/arm-none-eabi/14.3.1/thumb/v7e-m+dp/hard/libgcc.a(_aeabi_uldivmod.o)
 .ARM.attributes
                0x0000034f       0x32 /Applications/STM32CubeIDE.app/Contents/Eclipse/plugins/com.st.stm32cube.ide.mcu.externaltools.gnu-tools-for-stm32.14.3.rel1.macos64_1.0.100.202602081740/tools/bin/../lib/gcc/arm-none-eabi/14.3.1/thumb/v7e-m+dp/hard/libgcc.a(_udivmoddi4.o)
 .ARM.attributes
                0x00000381       0x20 /Applications/STM32CubeIDE.app/Contents/Eclipse/plugins/com.st.stm32cube.ide.mcu.externaltools.gnu-tools-for-stm32.14.3.rel1.macos64_1.0.100.202602081740/tools/bin/../lib/gcc/arm-none-eabi/14.3.1/thumb/v7e-m+dp/hard/libgcc.a(_dvmd_tls.o)
 .ARM.attributes
                0x000003a1       0x20 /Applications/STM32CubeIDE.app/Contents/Eclipse/plugins/com.st.stm32cube.ide.mcu.externaltools.gnu-tools-for-stm32.14.3.rel1.macos64_1.0.100.202602081740/tools/bin/../lib/gcc/arm-none-eabi/14.3.1/thumb/v7e-m+dp/hard/crtn.o
OUTPUT(Lab04_Nvic_2.elf elf32-littlearm)
LOAD linker stubs
LOAD /Applications/STM32CubeIDE.app/Contents/Eclipse/plugins/com.st.stm32cube.ide.mcu.externaltools.gnu-tools-for-stm32.14.3.rel1.macos64_1.0.100.202602081740/tools/bin/../lib/gcc/arm-none-eabi/14.3.1/../../../../arm-none-eabi/lib/thumb/v7e-m+dp/hard/libc.a
LOAD /Applications/STM32CubeIDE.app/Contents/Eclipse/plugins/com.st.stm32cube.ide.mcu.externaltools.gnu-tools-for-stm32.14.3.rel1.macos64_1.0.100.202602081740/tools/bin/../lib/gcc/arm-none-eabi/14.3.1/../../../../arm-none-eabi/lib/thumb/v7e-m+dp/hard/libm.a
LOAD /Applications/STM32CubeIDE.app/Contents/Eclipse/plugins/com.st.stm32cube.ide.mcu.externaltools.gnu-tools-for-stm32.14.3.rel1.macos64_1.0.100.202602081740/tools/bin/../lib/gcc/arm-none-eabi/14.3.1/thumb/v7e-m+dp/hard/libgcc.a

.debug_info     0x00000000     0x9822
 .debug_info    0x00000000      0x728 ./Core/Src/gpio.o
 .debug_info    0x00000728      0xd14 ./Core/Src/main.o
 .debug_info    0x0000143c      0x2a0 ./Core/Src/stm32f7xx_hal_msp.o
 .debug_info    0x000016dc      0x16a ./Core/Src/stm32f7xx_it.o
 .debug_info    0x00001846      0x6ed ./Core/Src/system_stm32f7xx.o
 .debug_info    0x00001f33      0xc81 ./Core/Src/usart.o
 .debug_info    0x00002bb4       0x30 ./Core/Startup/startup_stm32f767zitx.o
 .debug_info    0x00002be4      0xa4c ./Drivers/STM32F7xx_HAL_Driver/Src/stm32f7xx_hal.o
 .debug_info    0x00003630      0xfc0 ./Drivers/STM32F7xx_HAL_Driver/Src/stm32f7xx_hal_cortex.o
 .debug_info    0x000045f0      0x6f3 ./Drivers/STM32F7xx_HAL_Driver/Src/stm32f7xx_hal_gpio.o
 .debug_info    0x00004ce3      0x94b ./Drivers/STM32F7xx_HAL_Driver/Src/stm32f7xx_hal_rcc.o
 .debug_info    0x0000562e      0x6e1 ./Drivers/STM32F7xx_HAL_Driver/Src/stm32f7xx_hal_rcc_ex.o
 .debug_info    0x00005d0f     0x3b13 ./Drivers/STM32F7xx_HAL_Driver/Src/stm32f7xx_hal_uart.o

.debug_abbrev   0x00000000     0x1785
 .debug_abbrev  0x00000000      0x174 ./Core/Src/gpio.o
 .debug_abbrev  0x00000174      0x293 ./Core/Src/main.o
 .debug_abbrev  0x00000407       0xf4 ./Core/Src/stm32f7xx_hal_msp.o
 .debug_abbrev  0x000004fb       0xa0 ./Core/Src/stm32f7xx_it.o
 .debug_abbrev  0x0000059b      0x13b ./Core/Src/system_stm32f7xx.o
 .debug_abbrev  0x000006d6      0x1f9 ./Core/Src/usart.o
 .debug_abbrev  0x000008cf       0x24 ./Core/Startup/startup_stm32f767zitx.o
 .debug_abbrev  0x000008f3      0x213 ./Drivers/STM32F7xx_HAL_Driver/Src/stm32f7xx_hal.o
 .debug_abbrev  0x00000b06      0x31e ./Drivers/STM32F7xx_HAL_Driver/Src/stm32f7xx_hal_cortex.o
 .debug_abbrev  0x00000e24      0x1d4 ./Drivers/STM32F7xx_HAL_Driver/Src/stm32f7xx_hal_gpio.o
 .debug_abbrev  0x00000ff8      0x2de ./Drivers/STM32F7xx_HAL_Driver/Src/stm32f7xx_hal_rcc.o
 .debug_abbrev  0x000012d6      0x1c9 ./Drivers/STM32F7xx_HAL_Driver/Src/stm32f7xx_hal_rcc_ex.o
 .debug_abbrev  0x0000149f      0x2e6 ./Drivers/STM32F7xx_HAL_Driver/Src/stm32f7xx_hal_uart.o

.debug_aranges  0x00000000      0x710
 .debug_aranges
                0x00000000       0x20 ./Core/Src/gpio.o
 .debug_aranges
                0x00000020       0x40 ./Core/Src/main.o
 .debug_aranges
                0x00000060       0x20 ./Core/Src/stm32f7xx_hal_msp.o
 .debug_aranges
                0x00000080       0x78 ./Core/Src/stm32f7xx_it.o
 .debug_aranges
                0x000000f8       0x28 ./Core/Src/system_stm32f7xx.o
 .debug_aranges
                0x00000120       0x30 ./Core/Src/usart.o
 .debug_aranges
                0x00000150       0x28 ./Core/Startup/startup_stm32f767zitx.o
 .debug_aranges
                0x00000178      0x110 ./Drivers/STM32F7xx_HAL_Driver/Src/stm32f7xx_hal.o
 .debug_aranges
                0x00000288      0x128 ./Drivers/STM32F7xx_HAL_Driver/Src/stm32f7xx_hal_cortex.o
 .debug_aranges
                0x000003b0       0x58 ./Drivers/STM32F7xx_HAL_Driver/Src/stm32f7xx_hal_gpio.o
 .debug_aranges
                0x00000408       0x88 ./Drivers/STM32F7xx_HAL_Driver/Src/stm32f7xx_hal_rcc.o
 .debug_aranges
                0x00000490       0x50 ./Drivers/STM32F7xx_HAL_Driver/Src/stm32f7xx_hal_rcc_ex.o
 .debug_aranges
                0x000004e0      0x230 ./Drivers/STM32F7xx_HAL_Driver/Src/stm32f7xx_hal_uart.o

.debug_rnglists
                0x00000000      0x55f
 .debug_rnglists
                0x00000000       0x14 ./Core/Src/gpio.o
 .debug_rnglists
                0x00000014       0x2d ./Core/Src/main.o
 .debug_rnglists
                0x00000041       0x13 ./Core/Src/stm32f7xx_hal_msp.o
 .debug_rnglists
                0x00000054       0x55 ./Core/Src/stm32f7xx_it.o
 .debug_rnglists
                0x000000a9       0x1a ./Core/Src/system_stm32f7xx.o
 .debug_rnglists
                0x000000c3       0x20 ./Core/Src/usart.o
 .debug_rnglists
                0x000000e3       0x19 ./Core/Startup/startup_stm32f767zitx.o
 .debug_rnglists
                0x000000fc       0xc7 ./Drivers/STM32F7xx_HAL_Driver/Src/stm32f7xx_hal.o
 .debug_rnglists
                0x000001c3       0xda ./Drivers/STM32F7xx_HAL_Driver/Src/stm32f7xx_hal_cortex.o
 .debug_rnglists
                0x0000029d       0x3f ./Drivers/STM32F7xx_HAL_Driver/Src/stm32f7xx_hal_gpio.o
 .debug_rnglists
                0x000002dc       0x67 ./Drivers/STM32F7xx_HAL_Driver/Src/stm32f7xx_hal_rcc.o
 .debug_rnglists
                0x00000343       0x3c ./Drivers/STM32F7xx_HAL_Driver/Src/stm32f7xx_hal_rcc_ex.o
 .debug_rnglists
                0x0000037f      0x1e0 ./Drivers/STM32F7xx_HAL_Driver/Src/stm32f7xx_hal_uart.o

.debug_macro    0x00000000    0x25c26
 .debug_macro   0x00000000      0x1ca ./Core/Src/gpio.o
 .debug_macro   0x000001ca      0xaf0 ./Core/Src/gpio.o
 .debug_macro   0x00000cba      0x287 ./Core/Src/gpio.o
 .debug_macro   0x00000f41       0x2e ./Core/Src/gpio.o
 .debug_macro   0x00000f6f       0x3b ./Core/Src/gpio.o
 .debug_macro   0x00000faa       0x22 ./Core/Src/gpio.o
 .debug_macro   0x00000fcc       0x8e ./Core/Src/gpio.o
 .debug_macro   0x0000105a       0x51 ./Core/Src/gpio.o
 .debug_macro   0x000010ab      0x103 ./Core/Src/gpio.o
 .debug_macro   0x000011ae       0x6a ./Core/Src/gpio.o
 .debug_macro   0x00001218      0x1df ./Core/Src/gpio.o
 .debug_macro   0x000013f7       0x1c ./Core/Src/gpio.o
 .debug_macro   0x00001413       0x22 ./Core/Src/gpio.o
 .debug_macro   0x00001435       0xd9 ./Core/Src/gpio.o
 .debug_macro   0x0000150e     0x12cd ./Core/Src/gpio.o
 .debug_macro   0x000027db      0x11f ./Core/Src/gpio.o
 .debug_macro   0x000028fa       0x19 ./Core/Src/gpio.o
 .debug_macro   0x00002913    0x1aa23 ./Core/Src/gpio.o
 .debug_macro   0x0001d336       0x6d ./Core/Src/gpio.o
 .debug_macro   0x0001d3a3     0x375e ./Core/Src/gpio.o
 .debug_macro   0x00020b01      0x190 ./Core/Src/gpio.o
 .debug_macro   0x00020c91       0x63 ./Core/Src/gpio.o
 .debug_macro   0x00020cf4     0x1add ./Core/Src/gpio.o
 .debug_macro   0x000227d1      0x6c4 ./Core/Src/gpio.o
 .debug_macro   0x00022e95      0x18b ./Core/Src/gpio.o
 .debug_macro   0x00023020      0x115 ./Core/Src/gpio.o
 .debug_macro   0x00023135      0x26e ./Core/Src/gpio.o
 .debug_macro   0x000233a3       0xa5 ./Core/Src/gpio.o
 .debug_macro   0x00023448      0x24f ./Core/Src/gpio.o
 .debug_macro   0x00023697       0x71 ./Core/Src/gpio.o
 .debug_macro   0x00023708       0x58 ./Core/Src/gpio.o
 .debug_macro   0x00023760      0x236 ./Core/Src/gpio.o
 .debug_macro   0x00023996      0x14e ./Core/Src/gpio.o
 .debug_macro   0x00023ae4      0x3db ./Core/Src/gpio.o
 .debug_macro   0x00023ebf       0x12 ./Core/Src/gpio.o
 .debug_macro   0x00023ed1      0x12e ./Core/Src/gpio.o
 .debug_macro   0x00023fff      0x108 ./Core/Src/gpio.o
 .debug_macro   0x00024107       0x35 ./Core/Src/gpio.o
 .debug_macro   0x0002413c      0x5ba ./Core/Src/gpio.o
 .debug_macro   0x000246f6       0x44 ./Core/Src/gpio.o
 .debug_macro   0x0002473a      0x15b ./Core/Src/gpio.o
 .debug_macro   0x00024895      0x1d8 ./Core/Src/main.o
 .debug_macro   0x00024a6d      0x1c0 ./Core/Src/stm32f7xx_hal_msp.o
 .debug_macro   0x00024c2d      0x1ca ./Core/Src/stm32f7xx_it.o
 .debug_macro   0x00024df7      0x1b6 ./Core/Src/system_stm32f7xx.o
 .debug_macro   0x00024fad      0x1ca ./Core/Src/usart.o
 .debug_macro   0x00025177      0x1da ./Drivers/STM32F7xx_HAL_Driver/Src/stm32f7xx_hal.o
 .debug_macro   0x00025351      0x1b6 ./Drivers/STM32F7xx_HAL_Driver/Src/stm32f7xx_hal_cortex.o
 .debug_macro   0x00025507      0x1bc ./Drivers/STM32F7xx_HAL_Driver/Src/stm32f7xx_hal_gpio.o
 .debug_macro   0x000256c3      0x1da ./Drivers/STM32F7xx_HAL_Driver/Src/stm32f7xx_hal_rcc.o
 .debug_macro   0x0002589d      0x1b6 ./Drivers/STM32F7xx_HAL_Driver/Src/stm32f7xx_hal_rcc_ex.o
 .debug_macro   0x00025a53      0x1d3 ./Drivers/STM32F7xx_HAL_Driver/Src/stm32f7xx_hal_uart.o

.debug_line     0x00000000     0x9786
 .debug_line    0x00000000      0x6d6 ./Core/Src/gpio.o
 .debug_line    0x000006d6      0x7f0 ./Core/Src/main.o
 .debug_line    0x00000ec6      0x6ad ./Core/Src/stm32f7xx_hal_msp.o
 .debug_line    0x00001573      0x7a3 ./Core/Src/stm32f7xx_it.o
 .debug_line    0x00001d16      0x720 ./Core/Src/system_stm32f7xx.o
 .debug_line    0x00002436      0x736 ./Core/Src/usart.o
 .debug_line    0x00002b6c       0x7a ./Core/Startup/startup_stm32f767zitx.o
 .debug_line    0x00002be6      0xa06 ./Drivers/STM32F7xx_HAL_Driver/Src/stm32f7xx_hal.o
 .debug_line    0x000035ec      0xc53 ./Drivers/STM32F7xx_HAL_Driver/Src/stm32f7xx_hal_cortex.o
 .debug_line    0x0000423f      0xb2a ./Drivers/STM32F7xx_HAL_Driver/Src/stm32f7xx_hal_gpio.o
 .debug_line    0x00004d69      0xf08 ./Drivers/STM32F7xx_HAL_Driver/Src/stm32f7xx_hal_rcc.o
 .debug_line    0x00005c71      0xe56 ./Drivers/STM32F7xx_HAL_Driver/Src/stm32f7xx_hal_rcc_ex.o
 .debug_line    0x00006ac7     0x2cbf ./Drivers/STM32F7xx_HAL_Driver/Src/stm32f7xx_hal_uart.o

.debug_str      0x00000000    0xeb4c6
 .debug_str     0x00000000    0xeb4c6 ./Core/Src/gpio.o
                              0xe9a23 (size before relaxing)
 .debug_str     0x000eb4c6    0xe9ad3 ./Core/Src/main.o
 .debug_str     0x000eb4c6    0xe9304 ./Core/Src/stm32f7xx_hal_msp.o
 .debug_str     0x000eb4c6    0xe92b4 ./Core/Src/stm32f7xx_it.o
 .debug_str     0x000eb4c6    0xe9460 ./Core/Src/system_stm32f7xx.o
 .debug_str     0x000eb4c6    0xe9b71 ./Core/Src/usart.o
 .debug_str     0x000eb4c6       0x6a ./Core/Startup/startup_stm32f767zitx.o
 .debug_str     0x000eb4c6    0xe9ea0 ./Drivers/STM32F7xx_HAL_Driver/Src/stm32f7xx_hal.o
 .debug_str     0x000eb4c6    0xe9e82 ./Drivers/STM32F7xx_HAL_Driver/Src/stm32f7xx_hal_cortex.o
 .debug_str     0x000eb4c6    0xe951e ./Drivers/STM32F7xx_HAL_Driver/Src/stm32f7xx_hal_gpio.o
 .debug_str     0x000eb4c6    0xe97db ./Drivers/STM32F7xx_HAL_Driver/Src/stm32f7xx_hal_rcc.o
 .debug_str     0x000eb4c6    0xe973e ./Drivers/STM32F7xx_HAL_Driver/Src/stm32f7xx_hal_rcc_ex.o
 .debug_str     0x000eb4c6    0xea129 ./Drivers/STM32F7xx_HAL_Driver/Src/stm32f7xx_hal_uart.o

.comment        0x00000000       0x43
 .comment       0x00000000       0x43 ./Core/Src/gpio.o
                                 0x44 (size before relaxing)
 .comment       0x00000043       0x44 ./Core/Src/main.o
 .comment       0x00000043       0x44 ./Core/Src/stm32f7xx_hal_msp.o
 .comment       0x00000043       0x44 ./Core/Src/stm32f7xx_it.o
 .comment       0x00000043       0x44 ./Core/Src/system_stm32f7xx.o
 .comment       0x00000043       0x44 ./Core/Src/usart.o
 .comment       0x00000043       0x44 ./Drivers/STM32F7xx_HAL_Driver/Src/stm32f7xx_hal.o
 .comment       0x00000043       0x44 ./Drivers/STM32F7xx_HAL_Driver/Src/stm32f7xx_hal_cortex.o
 .comment       0x00000043       0x44 ./Drivers/STM32F7xx_HAL_Driver/Src/stm32f7xx_hal_gpio.o
 .comment       0x00000043       0x44 ./Drivers/STM32F7xx_HAL_Driver/Src/stm32f7xx_hal_rcc.o
 .comment       0x00000043       0x44 ./Drivers/STM32F7xx_HAL_Driver/Src/stm32f7xx_hal_rcc_ex.o
 .comment       0x00000043       0x44 ./Drivers/STM32F7xx_HAL_Driver/Src/stm32f7xx_hal_uart.o

.debug_frame    0x00000000     0x19b8
 .debug_frame   0x00000000       0x34 ./Core/Src/gpio.o
 .debug_frame   0x00000034       0xb0 ./Core/Src/main.o
 .debug_frame   0x000000e4       0x34 ./Core/Src/stm32f7xx_hal_msp.o
 .debug_frame   0x00000118      0x14c ./Core/Src/stm32f7xx_it.o
 .debug_frame   0x00000264       0x50 ./Core/Src/system_stm32f7xx.o
 .debug_frame   0x000002b4       0x78 ./Core/Src/usart.o
 .debug_frame   0x0000032c      0x38c ./Drivers/STM32F7xx_HAL_Driver/Src/stm32f7xx_hal.o
 .debug_frame   0x000006b8      0x49c ./Drivers/STM32F7xx_HAL_Driver/Src/stm32f7xx_hal_cortex.o
 .debug_frame   0x00000b54      0x130 ./Drivers/STM32F7xx_HAL_Driver/Src/stm32f7xx_hal_gpio.o
 .debug_frame   0x00000c84      0x1e0 ./Drivers/STM32F7xx_HAL_Driver/Src/stm32f7xx_hal_rcc.o
 .debug_frame   0x00000e64      0x110 ./Drivers/STM32F7xx_HAL_Driver/Src/stm32f7xx_hal_rcc_ex.o
 .debug_frame   0x00000f74      0x998 ./Drivers/STM32F7xx_HAL_Driver/Src/stm32f7xx_hal_uart.o
 .debug_frame   0x0000190c       0x20 /Applications/STM32CubeIDE.app/Contents/Eclipse/plugins/com.st.stm32cube.ide.mcu.externaltools.gnu-tools-for-stm32.14.3.rel1.macos64_1.0.100.202602081740/tools/bin/../lib/gcc/arm-none-eabi/14.3.1/../../../../arm-none-eabi/lib/thumb/v7e-m+dp/hard/libc_nano.a(libc_a-memset.o)
 .debug_frame   0x0000192c       0x2c /Applications/STM32CubeIDE.app/Contents/Eclipse/plugins/com.st.stm32cube.ide.mcu.externaltools.gnu-tools-for-stm32.14.3.rel1.macos64_1.0.100.202602081740/tools/bin/../lib/gcc/arm-none-eabi/14.3.1/../../../../arm-none-eabi/lib/thumb/v7e-m+dp/hard/libc_nano.a(libc_a-init.o)
 .debug_frame   0x00001958       0x2c /Applications/STM32CubeIDE.app/Contents/Eclipse/plugins/com.st.stm32cube.ide.mcu.externaltools.gnu-tools-for-stm32.14.3.rel1.macos64_1.0.100.202602081740/tools/bin/../lib/gcc/arm-none-eabi/14.3.1/thumb/v7e-m+dp/hard/libgcc.a(_aeabi_uldivmod.o)
 .debug_frame   0x00001984       0x34 /Applications/STM32CubeIDE.app/Contents/Eclipse/plugins/com.st.stm32cube.ide.mcu.externaltools.gnu-tools-for-stm32.14.3.rel1.macos64_1.0.100.202602081740/tools/bin/../lib/gcc/arm-none-eabi/14.3.1/thumb/v7e-m+dp/hard/libgcc.a(_udivmoddi4.o)

.debug_line_str
                0x00000000       0x4e
 .debug_line_str
                0x00000000       0x4e ./Core/Startup/startup_stm32f767zitx.o
